12 {'families': 15, 'strict_connected': 15, 'strict_or_bloom_connected': 15} 0.097
13 {'families': 2, 'strict_connected': 0, 'strict_or_bloom_connected': 2} 0.003
14 {'families': 6, 'strict_connected': 6, 'strict_or_bloom_connected': 6} 0.004
15 {'families': 25, 'strict_connected': 25, 'strict_or_bloom_connected': 25} 0.009
16 {'families': 31, 'strict_connected': 31, 'strict_or_bloom_connected': 31} 0.011
17 {'families': 16, 'strict_connected': 0, 'strict_or_bloom_connected': 8} 0.008
18 {'families': 62, 'strict_connected': 59, 'strict_or_bloom_connected': 59} 0.024
19 {'families': 21, 'strict_connected': 0, 'strict_or_bloom_connected': 12} 0.013
20 {'families': 98, 'strict_connected': 96, 'strict_or_bloom_connected': 98} 0.037
21 {'families': 96, 'strict_connected': 75, 'strict_or_bloom_connected': 83} 0.036
22 {'families': 60, 'strict_connected': 55, 'strict_or_bloom_connected': 60} 0.029
23 {'families': 33, 'strict_connected': 0, 'strict_or_bloom_connected': 22} 0.018
24 {'families': 275, 'strict_connected': 262, 'strict_or_bloom_connected': 268} 0.153
25 {'families': 30, 'strict_connected': 0, 'strict_or_bloom_connected': 30} 0.021
26 {'families': 128, 'strict_connected': 114, 'strict_or_bloom_connected': 128} 0.064
27 {'families': 183, 'strict_connected': 138, 'strict_or_bloom_connected': 165} 0.085
28 {'families': 327, 'strict_connected': 306, 'strict_or_bloom_connected': 321} 0.188
29 {'families': 42, 'strict_connected': 0, 'strict_or_bloom_connected': 42} 0.032
30 {'families': 428, 'strict_connected': 394, 'strict_or_bloom_connected': 414} 0.292
31 {'families': 61, 'strict_connected': 1, 'strict_or_bloom_connected': 46} 0.038
32 {'families': 452, 'strict_connected': 424, 'strict_or_bloom_connected': 452} 0.326
33 {'families': 285, 'strict_connected': 245, 'strict_or_bloom_connected': 285} 0.184
34 {'families': 376, 'strict_connected': 328, 'strict_or_bloom_connected': 368} 0.23
35 {'families': 72, 'strict_connected': 12, 'strict_or_bloom_connected': 72} 0.055
36 {'families': 1012, 'strict_connected': 973, 'strict_or_bloom_connected': 1006} 0.959
37 {'families': 78, 'strict_connected': 0, 'strict_or_bloom_connected': 78} 0.067
38 {'families': 561, 'strict_connected': 495, 'strict_or_bloom_connected': 552} 0.405
39 {'families': 430, 'strict_connected': 366, 'strict_or_bloom_connected': 430} 0.319
40 {'families': 950, 'strict_connected': 896, 'strict_or_bloom_connected': 950} 1.07
41 {'families': 100, 'strict_connected': 0, 'strict_or_bloom_connected': 100} 0.082
42 {'families': 1218, 'strict_connected': 1134, 'strict_or_bloom_connected': 1196} 1.392
43 {'families': 112, 'strict_connected': 0, 'strict_or_bloom_connected': 112} 0.094
44 {'families': 1340, 'strict_connected': 1270, 'strict_or_bloom_connected': 1340} 1.406
45 {'families': 616, 'strict_connected': 520, 'strict_or_bloom_connected': 616} 0.656
46 {'families': 1089, 'strict_connected': 979, 'strict_or_bloom_connected': 1078} 1.052
47 {'families': 138, 'strict_connected': 0, 'strict_or_bloom_connected': 138} 0.145
48 {'families': 2287, 'strict_connected': 2200, 'strict_or_bloom_connected': 2274} 3.228
49 {'families': 154, 'strict_connected': 0, 'strict_or_bloom_connected': 154} 0.167
50 {'families': 1440, 'strict_connected': 1310, 'strict_or_bloom_connected': 1440} 1.718
51 {'families': 824, 'strict_connected': 680, 'strict_or_bloom_connected': 816} 0.799
52 {'families': 2240, 'strict_connected': 2124, 'strict_or_bloom_connected': 2240} 2.679
53 {'families': 182, 'strict_connected': 0, 'strict_or_bloom_connected': 182} 0.199
54 {'families': 2594, 'strict_connected': 2429, 'strict_or_bloom_connected': 2564} 3.712
55 {'families': 200, 'strict_connected': 20, 'strict_or_bloom_connected': 200} 0.29
56 {'families': 2745, 'strict_connected': 2598, 'strict_or_bloom_connected': 2739} 3.954
57 {'families': 1062, 'strict_connected': 873, 'strict_or_bloom_connected': 1053} 1.199
58 {'families': 2352, 'strict_connected': 2170, 'strict_or_bloom_connected': 2352} 2.773
59 {'families': 232, 'strict_connected': 0, 'strict_or_bloom_connected': 232} 0.271
60 {'families': 4466, 'strict_connected': 4300, 'strict_or_bloom_connected': 4446} 10.81
