{'rank': 3, 'orbit': 0, 'complete': True, 'cross_bijections': 576, 'cross_orbits': 5, 'nodes': 5, 'terminal_histogram': {'ti': 1, 'collision': 4}, 'unrecognized': [], 'seconds': 0.003012959030456841} elapsed 0.01
{'rank': 3, 'orbit': 1, 'complete': True, 'cross_bijections': 864, 'cross_orbits': 31, 'nodes': 7, 'terminal_histogram': {'ti': 2, 'collision': 5}, 'unrecognized': [], 'seconds': 0.00887566595338285} elapsed 0.04
{'rank': 3, 'orbit': 2, 'complete': True, 'cross_bijections': 8640, 'cross_orbits': 84, 'nodes': 17, 'terminal_histogram': {'ti': 5, 'collision': 12}, 'unrecognized': [], 'seconds': 0.023742291028611362} elapsed 0.1
{'rank': 3, 'orbit': 3, 'complete': True, 'cross_bijections': 144, 'cross_orbits': 40, 'nodes': 9, 'terminal_histogram': {'ti': 5, 'collision': 4}, 'unrecognized': [], 'seconds': 0.012864666990935802} elapsed 0.12
{'rank': 3, 'orbit': 4, 'complete': True, 'cross_bijections': 576, 'cross_orbits': 152, 'nodes': 12, 'terminal_histogram': {'ti': 7, 'collision': 5}, 'unrecognized': [], 'seconds': 0.04464383306913078} elapsed 0.19
{'rank': 3, 'orbit': 5, 'complete': True, 'cross_bijections': 2304, 'cross_orbits': 176, 'nodes': 15, 'terminal_histogram': {'ti': 9, 'collision': 6}, 'unrecognized': [], 'seconds': 0.05090475000906736} elapsed 0.27
{'rank': 3, 'orbit': 6, 'complete': True, 'cross_bijections': 5760, 'cross_orbits': 416, 'nodes': 27, 'terminal_histogram': {'ti': 18, 'collision': 9}, 'unrecognized': [], 'seconds': 0.10866416594944894} elapsed 0.45
{'rank': 3, 'orbit': 7, 'complete': True, 'cross_bijections': 8, 'cross_orbits': 8, 'nodes': 8, 'terminal_histogram': {'ti': 8}, 'unrecognized': [], 'seconds': 0.005028791027143598} elapsed 0.46
{'rank': 3, 'orbit': 8, 'complete': True, 'cross_bijections': 8, 'cross_orbits': 8, 'nodes': 8, 'terminal_histogram': {'ti': 8}, 'unrecognized': [], 'seconds': 0.005199957988224924} elapsed 0.47
{'rank': 3, 'orbit': 9, 'complete': True, 'cross_bijections': 24, 'cross_orbits': 24, 'nodes': 10, 'terminal_histogram': {'ti': 10}, 'unrecognized': [], 'seconds': 0.009429499972611666} elapsed 0.48
{'rank': 3, 'orbit': 10, 'complete': True, 'cross_bijections': 24, 'cross_orbits': 24, 'nodes': 10, 'terminal_histogram': {'ti': 10}, 'unrecognized': [], 'seconds': 0.009747250005602837} elapsed 0.5
{'rank': 3, 'orbit': 11, 'complete': True, 'cross_bijections': 48, 'cross_orbits': 48, 'nodes': 10, 'terminal_histogram': {'ti': 10}, 'unrecognized': [], 'seconds': 0.014993665972724557} elapsed 0.52
{'rank': 3, 'orbit': 12, 'complete': True, 'cross_bijections': 72, 'cross_orbits': 72, 'nodes': 13, 'terminal_histogram': {'ti': 13}, 'unrecognized': [], 'seconds': 0.022255333024077117} elapsed 0.56
{'rank': 3, 'orbit': 13, 'complete': True, 'cross_bijections': 96, 'cross_orbits': 32, 'nodes': 8, 'terminal_histogram': {'ti': 4, 'collision': 4}, 'unrecognized': [], 'seconds': 0.010647666058503091} elapsed 0.57
{'rank': 3, 'orbit': 14, 'complete': True, 'cross_bijections': 288, 'cross_orbits': 288, 'nodes': 19, 'terminal_histogram': {'ti': 19}, 'unrecognized': [], 'seconds': 0.0781051249941811} elapsed 0.69
{'rank': 3, 'orbit': 15, 'complete': True, 'cross_bijections': 288, 'cross_orbits': 80, 'nodes': 13, 'terminal_histogram': {'ti': 9, 'collision': 4}, 'unrecognized': [], 'seconds': 0.025491958018392324} elapsed 0.73
{'rank': 3, 'orbit': 16, 'complete': True, 'cross_bijections': 192, 'cross_orbits': 64, 'nodes': 14, 'terminal_histogram': {'ti': 10, 'collision': 4}, 'unrecognized': [], 'seconds': 0.020311708096414804} elapsed 0.76
{'rank': 3, 'orbit': 17, 'complete': True, 'cross_bijections': 1440, 'cross_orbits': 368, 'nodes': 24, 'terminal_histogram': {'ti': 19, 'collision': 5}, 'unrecognized': [], 'seconds': 0.09983950003515929} elapsed 0.91
{'rank': 3, 'orbit': 18, 'complete': True, 'cross_bijections': 48, 'cross_orbits': 48, 'nodes': 13, 'terminal_histogram': {'ti': 13}, 'unrecognized': [], 'seconds': 0.016926958924159408} elapsed 0.94
{'rank': 3, 'orbit': 19, 'complete': True, 'cross_bijections': 8, 'cross_orbits': 8, 'nodes': 8, 'terminal_histogram': {'ti': 8}, 'unrecognized': [], 'seconds': 0.0050504159880802035} elapsed 0.95
{'rank': 3, 'orbit': 20, 'complete': True, 'cross_bijections': 4320, 'cross_orbits': 134, 'nodes': 19, 'terminal_histogram': {'ti': 8, 'collision': 11}, 'unrecognized': [], 'seconds': 0.03785429196432233} elapsed 1.02
{'rank': 3, 'orbit': 21, 'complete': True, 'cross_bijections': 16, 'cross_orbits': 16, 'nodes': 8, 'terminal_histogram': {'ti': 8}, 'unrecognized': [], 'seconds': 0.007230290910229087} elapsed 1.03
{'rank': 3, 'orbit': 22, 'complete': True, 'cross_bijections': 8, 'cross_orbits': 8, 'nodes': 8, 'terminal_histogram': {'ti': 8}, 'unrecognized': [], 'seconds': 0.005111958016641438} elapsed 1.04
{'rank': 3, 'orbit': 23, 'complete': True, 'cross_bijections': 192, 'cross_orbits': 64, 'nodes': 12, 'terminal_histogram': {'ti': 8, 'collision': 4}, 'unrecognized': [], 'seconds': 0.025335791055113077} elapsed 1.08
{'rank': 3, 'orbit': 24, 'complete': True, 'cross_bijections': 24, 'cross_orbits': 24, 'nodes': 10, 'terminal_histogram': {'ti': 10}, 'unrecognized': [], 'seconds': 0.010094624944031239} elapsed 1.1
{'rank': 3, 'orbit': 25, 'complete': True, 'cross_bijections': 144, 'cross_orbits': 40, 'nodes': 9, 'terminal_histogram': {'ti': 5, 'collision': 4}, 'unrecognized': [], 'seconds': 0.01268849999178201} elapsed 1.12
{'rank': 3, 'orbit': 26, 'complete': True, 'cross_bijections': 1152, 'cross_orbits': 112, 'nodes': 12, 'terminal_histogram': {'ti': 6, 'collision': 6}, 'unrecognized': [], 'seconds': 0.030872167088091373} elapsed 1.17
{'rank': 3, 'orbit': 27, 'complete': True, 'cross_bijections': 8, 'cross_orbits': 8, 'nodes': 8, 'terminal_histogram': {'ti': 8}, 'unrecognized': [], 'seconds': 0.005030416999943554} elapsed 1.18
{'rank': 3, 'orbit': 28, 'complete': True, 'cross_bijections': 8, 'cross_orbits': 8, 'nodes': 8, 'terminal_histogram': {'ti': 8}, 'unrecognized': [], 'seconds': 0.005105208023451269} elapsed 1.19
{'rank': 3, 'orbit': 29, 'complete': True, 'cross_bijections': 432, 'cross_orbits': 22, 'nodes': 7, 'terminal_histogram': {'ti': 2, 'collision': 4, 'homometric': 1}, 'unrecognized': [], 'seconds': 0.009591042064130306} elapsed 1.21
{'rank': 3, 'orbit': 30, 'complete': True, 'cross_bijections': 288, 'cross_orbits': 80, 'nodes': 13, 'terminal_histogram': {'ti': 9, 'collision': 4}, 'unrecognized': [], 'seconds': 0.03262308402918279} elapsed 1.26
{'rank': 3, 'orbit': 31, 'complete': True, 'cross_bijections': 8, 'cross_orbits': 8, 'nodes': 8, 'terminal_histogram': {'ti': 8}, 'unrecognized': [], 'seconds': 0.006439917022362351} elapsed 1.27
{'rank': 3, 'orbit': 32, 'complete': True, 'cross_bijections': 24, 'cross_orbits': 24, 'nodes': 10, 'terminal_histogram': {'ti': 10}, 'unrecognized': [], 'seconds': 0.009632042027078569} elapsed 1.28
{'rank': 3, 'orbit': 33, 'complete': True, 'cross_bijections': 8, 'cross_orbits': 8, 'nodes': 8, 'terminal_histogram': {'ti': 8}, 'unrecognized': [], 'seconds': 0.009027249994687736} elapsed 1.3
{'rank': 3, 'orbit': 34, 'complete': True, 'cross_bijections': 96, 'cross_orbits': 32, 'nodes': 8, 'terminal_histogram': {'ti': 4, 'collision': 4}, 'unrecognized': [], 'seconds': 0.014620958012528718} elapsed 1.32
{'rank': 3, 'orbit': 35, 'complete': True, 'cross_bijections': 96, 'cross_orbits': 32, 'nodes': 8, 'terminal_histogram': {'ti': 4, 'collision': 4}, 'unrecognized': [], 'seconds': 0.016809290973469615} elapsed 1.34
{'rank': 3, 'orbit': 36, 'complete': True, 'cross_bijections': 3456, 'cross_orbits': 107, 'nodes': 10, 'terminal_histogram': {'ti': 2, 'collision': 7, 'homometric': 1}, 'unrecognized': [], 'seconds': 0.028411958017386496} elapsed 1.4
{'rank': 3, 'orbit': 37, 'complete': True, 'cross_bijections': 432, 'cross_orbits': 112, 'nodes': 10, 'terminal_histogram': {'ti': 6, 'collision': 4}, 'unrecognized': [], 'seconds': 0.039958792040124536} elapsed 1.46
{'rank': 3, 'orbit': 38, 'complete': True, 'cross_bijections': 384, 'cross_orbits': 128, 'nodes': 15, 'terminal_histogram': {'ti': 8, 'collision': 4, 'homometric': 3}, 'unrecognized': [], 'seconds': 0.057428167085163295} elapsed 1.54
{'rank': 3, 'orbit': 39, 'complete': True, 'cross_bijections': 1152, 'cross_orbits': 304, 'nodes': 14, 'terminal_histogram': {'ti': 6, 'collision': 5, 'homometric': 3}, 'unrecognized': [], 'seconds': 0.0870934589765966} elapsed 1.67
{'rank': 3, 'orbit': 40, 'complete': True, 'cross_bijections': 11520, 'cross_orbits': 752, 'nodes': 21, 'terminal_histogram': {'ti': 11, 'collision': 7, 'homometric': 3}, 'unrecognized': [], 'seconds': 0.1839562909444794} elapsed 1.97
{'rank': 3, 'orbit': 41, 'complete': True, 'cross_bijections': 16, 'cross_orbits': 16, 'nodes': 8, 'terminal_histogram': {'ti': 8}, 'unrecognized': [], 'seconds': 0.0069394169840961695} elapsed 1.99
{'rank': 3, 'orbit': 42, 'complete': True, 'cross_bijections': 16, 'cross_orbits': 16, 'nodes': 8, 'terminal_histogram': {'ti': 8}, 'unrecognized': [], 'seconds': 0.00680037506390363} elapsed 2.0
{'rank': 3, 'orbit': 43, 'complete': True, 'cross_bijections': 48, 'cross_orbits': 48, 'nodes': 10, 'terminal_histogram': {'ti': 10}, 'unrecognized': [], 'seconds': 0.01552908297162503} elapsed 2.02
{'rank': 3, 'orbit': 44, 'complete': True, 'cross_bijections': 48, 'cross_orbits': 48, 'nodes': 10, 'terminal_histogram': {'ti': 10}, 'unrecognized': [], 'seconds': 0.017101333010941744} elapsed 2.05
{'rank': 3, 'orbit': 45, 'complete': True, 'cross_bijections': 144, 'cross_orbits': 144, 'nodes': 13, 'terminal_histogram': {'ti': 13}, 'unrecognized': [], 'seconds': 0.04197816597297788} elapsed 2.11
{'rank': 3, 'orbit': 46, 'complete': True, 'cross_bijections': 48, 'cross_orbits': 48, 'nodes': 10, 'terminal_histogram': {'ti': 10}, 'unrecognized': [], 'seconds': 0.01634037494659424} elapsed 2.14
{'rank': 3, 'orbit': 47, 'complete': True, 'cross_bijections': 384, 'cross_orbits': 384, 'nodes': 15, 'terminal_histogram': {'ti': 15}, 'unrecognized': [], 'seconds': 0.11278437497094274} elapsed 2.31
{'rank': 3, 'orbit': 48, 'complete': True, 'cross_bijections': 4320, 'cross_orbits': 1088, 'nodes': 20, 'terminal_histogram': {'ti': 15, 'collision': 5}, 'unrecognized': [], 'seconds': 0.2668504579924047} elapsed 2.71
{'rank': 3, 'orbit': 49, 'complete': True, 'cross_bijections': 13824, 'cross_orbits': 416, 'nodes': 55, 'terminal_histogram': {'ti': 13, 'collision': 27, 'branch': 3, 'homometric': 12}, 'unrecognized': [46, 49], 'seconds': 0.12933008396066725} elapsed 2.95
{'rank': 3, 'orbit': 50, 'complete': True, 'cross_bijections': 64, 'cross_orbits': 32, 'nodes': 8, 'terminal_histogram': {'ti': 4, 'collision': 4}, 'unrecognized': [], 'seconds': 0.010816583991982043} elapsed 2.97
{'rank': 3, 'orbit': 51, 'complete': True, 'cross_bijections': 192, 'cross_orbits': 96, 'nodes': 13, 'terminal_histogram': {'ti': 5, 'collision': 5, 'homometric': 3}, 'unrecognized': [], 'seconds': 0.028313291957601905} elapsed 3.01
{'rank': 3, 'orbit': 52, 'complete': True, 'cross_bijections': 2304, 'cross_orbits': 224, 'nodes': 28, 'terminal_histogram': {'ti': 11, 'collision': 12, 'homometric': 4, 'branch': 1}, 'unrecognized': [], 'seconds': 0.06997925008181483} elapsed 3.12
{'rank': 3, 'orbit': 53, 'complete': True, 'cross_bijections': 8, 'cross_orbits': 8, 'nodes': 8, 'terminal_histogram': {'ti': 8}, 'unrecognized': [], 'seconds': 0.005636875052005053} elapsed 3.13
{'rank': 3, 'orbit': 54, 'complete': True, 'cross_bijections': 8, 'cross_orbits': 8, 'nodes': 8, 'terminal_histogram': {'ti': 8}, 'unrecognized': [], 'seconds': 0.00581695802975446} elapsed 3.14
{'rank': 3, 'orbit': 55, 'complete': True, 'cross_bijections': 8, 'cross_orbits': 8, 'nodes': 8, 'terminal_histogram': {'ti': 8}, 'unrecognized': [], 'seconds': 0.005128125078044832} elapsed 3.15
{'rank': 3, 'orbit': 56, 'complete': True, 'cross_bijections': 8, 'cross_orbits': 8, 'nodes': 8, 'terminal_histogram': {'ti': 8}, 'unrecognized': [], 'seconds': 0.010161999962292612} elapsed 3.16
{'rank': 3, 'orbit': 57, 'complete': True, 'cross_bijections': 16, 'cross_orbits': 16, 'nodes': 8, 'terminal_histogram': {'ti': 8}, 'unrecognized': [], 'seconds': 0.0068579999497160316} elapsed 3.18
{'rank': 3, 'orbit': 58, 'complete': True, 'cross_bijections': 16, 'cross_orbits': 16, 'nodes': 8, 'terminal_histogram': {'ti': 8}, 'unrecognized': [], 'seconds': 0.006804666016250849} elapsed 3.19
{'rank': 3, 'orbit': 59, 'complete': True, 'cross_bijections': 16, 'cross_orbits': 16, 'nodes': 8, 'terminal_histogram': {'ti': 8}, 'unrecognized': [], 'seconds': 0.006918416009284556} elapsed 3.2
{'rank': 3, 'orbit': 60, 'complete': True, 'cross_bijections': 24, 'cross_orbits': 24, 'nodes': 10, 'terminal_histogram': {'ti': 10}, 'unrecognized': [], 'seconds': 0.009593042079359293} elapsed 3.21
{'rank': 3, 'orbit': 61, 'complete': True, 'cross_bijections': 288, 'cross_orbits': 80, 'nodes': 8, 'terminal_histogram': {'ti': 4, 'collision': 4}, 'unrecognized': [], 'seconds': 0.020713165984489024} elapsed 3.25
{'rank': 3, 'orbit': 62, 'complete': True, 'cross_bijections': 192, 'cross_orbits': 64, 'nodes': 10, 'terminal_histogram': {'ti': 4, 'collision': 4, 'homometric': 2}, 'unrecognized': [], 'seconds': 0.023248667013831437} elapsed 3.28
{'rank': 3, 'orbit': 63, 'complete': True, 'cross_bijections': 432, 'cross_orbits': 112, 'nodes': 10, 'terminal_histogram': {'ti': 6, 'collision': 4}, 'unrecognized': [], 'seconds': 0.028843499952927232} elapsed 3.33
{'rank': 3, 'orbit': 64, 'complete': True, 'cross_bijections': 1728, 'cross_orbits': 440, 'nodes': 12, 'terminal_histogram': {'ti': 7, 'collision': 5}, 'unrecognized': [], 'seconds': 0.1087713330052793} elapsed 3.49
{'rank': 3, 'orbit': 65, 'complete': True, 'cross_bijections': 16, 'cross_orbits': 16, 'nodes': 8, 'terminal_histogram': {'ti': 8}, 'unrecognized': [], 'seconds': 0.008224999997764826} elapsed 3.51
{'rank': 3, 'orbit': 66, 'complete': True, 'cross_bijections': 16, 'cross_orbits': 16, 'nodes': 8, 'terminal_histogram': {'ti': 8}, 'unrecognized': [], 'seconds': 0.0072328329551965} elapsed 3.52
{'rank': 3, 'orbit': 67, 'complete': True, 'cross_bijections': 16, 'cross_orbits': 16, 'nodes': 8, 'terminal_histogram': {'ti': 8}, 'unrecognized': [], 'seconds': 0.007794665987603366} elapsed 3.53
{'rank': 3, 'orbit': 68, 'complete': True, 'cross_bijections': 48, 'cross_orbits': 48, 'nodes': 10, 'terminal_histogram': {'ti': 10}, 'unrecognized': [], 'seconds': 0.015656957984901965} elapsed 3.56
{'rank': 3, 'orbit': 69, 'complete': True, 'cross_bijections': 16, 'cross_orbits': 16, 'nodes': 8, 'terminal_histogram': {'ti': 8}, 'unrecognized': [], 'seconds': 0.007576917065307498} elapsed 3.57
{'rank': 3, 'orbit': 70, 'complete': True, 'cross_bijections': 32, 'cross_orbits': 32, 'nodes': 8, 'terminal_histogram': {'ti': 8}, 'unrecognized': [], 'seconds': 0.011300417012535036} elapsed 3.59
{'rank': 3, 'orbit': 71, 'complete': True, 'cross_bijections': 48, 'cross_orbits': 48, 'nodes': 10, 'terminal_histogram': {'ti': 10}, 'unrecognized': [], 'seconds': 0.017433166969567537} elapsed 3.62
{'rank': 3, 'orbit': 72, 'complete': True, 'cross_bijections': 288, 'cross_orbits': 80, 'nodes': 10, 'terminal_histogram': {'ti': 6, 'collision': 4}, 'unrecognized': [], 'seconds': 0.02142712497152388} elapsed 3.65
{'rank': 3, 'orbit': 73, 'complete': True, 'cross_bijections': 96, 'cross_orbits': 96, 'nodes': 13, 'terminal_histogram': {'ti': 13}, 'unrecognized': [], 'seconds': 0.03702258295379579} elapsed 3.7
{'rank': 3, 'orbit': 74, 'complete': True, 'cross_bijections': 144, 'cross_orbits': 144, 'nodes': 13, 'terminal_histogram': {'ti': 13}, 'unrecognized': [], 'seconds': 0.040896208956837654} elapsed 3.77
{'rank': 3, 'orbit': 75, 'complete': True, 'cross_bijections': 216, 'cross_orbits': 216, 'nodes': 18, 'terminal_histogram': {'ti': 18}, 'unrecognized': [], 'seconds': 0.059877209016121924} elapsed 3.85
{'rank': 3, 'orbit': 76, 'complete': True, 'cross_bijections': 96, 'cross_orbits': 32, 'nodes': 8, 'terminal_histogram': {'ti': 4, 'collision': 4}, 'unrecognized': [], 'seconds': 0.010710750008001924} elapsed 3.87
{'rank': 3, 'orbit': 77, 'complete': True, 'cross_bijections': 192, 'cross_orbits': 64, 'nodes': 12, 'terminal_histogram': {'ti': 8, 'collision': 4}, 'unrecognized': [], 'seconds': 0.01985708309803158} elapsed 3.9
{'rank': 3, 'orbit': 78, 'complete': True, 'cross_bijections': 32, 'cross_orbits': 32, 'nodes': 10, 'terminal_histogram': {'ti': 10}, 'unrecognized': [], 'seconds': 0.01156704209279269} elapsed 3.92
{'rank': 3, 'orbit': 79, 'complete': True, 'cross_bijections': 864, 'cross_orbits': 224, 'nodes': 13, 'terminal_histogram': {'ti': 8, 'collision': 5}, 'unrecognized': [], 'seconds': 0.059057457954622805} elapsed 4.02
{'rank': 3, 'orbit': 80, 'complete': True, 'cross_bijections': 13824, 'cross_orbits': 928, 'nodes': 29, 'terminal_histogram': {'ti': 16, 'collision': 13}, 'unrecognized': [], 'seconds': 0.21655087498947978} elapsed 4.4
{'rank': 3, 'orbit': 81, 'complete': True, 'cross_bijections': 48, 'cross_orbits': 48, 'nodes': 10, 'terminal_histogram': {'ti': 10}, 'unrecognized': [], 'seconds': 0.015831374912522733} elapsed 4.43
{'rank': 3, 'orbit': 82, 'complete': True, 'cross_bijections': 96, 'cross_orbits': 96, 'nodes': 10, 'terminal_histogram': {'ti': 10}, 'unrecognized': [], 'seconds': 0.030073000001721084} elapsed 4.47
{'rank': 3, 'orbit': 83, 'complete': True, 'cross_bijections': 1152, 'cross_orbits': 1152, 'nodes': 36, 'terminal_histogram': {'ti': 36}, 'unrecognized': [], 'seconds': 0.34584666695445776} elapsed 4.96
{'rank': 3, 'orbit': 84, 'complete': True, 'cross_bijections': 8, 'cross_orbits': 8, 'nodes': 8, 'terminal_histogram': {'ti': 8}, 'unrecognized': [], 'seconds': 0.004899666993878782} elapsed 4.97
{'rank': 3, 'orbit': 85, 'complete': True, 'cross_bijections': 16, 'cross_orbits': 16, 'nodes': 8, 'terminal_histogram': {'ti': 8}, 'unrecognized': [], 'seconds': 0.006897832965478301} elapsed 4.98
{'rank': 3, 'orbit': 86, 'complete': True, 'cross_bijections': 16, 'cross_orbits': 16, 'nodes': 8, 'terminal_histogram': {'ti': 8}, 'unrecognized': [], 'seconds': 0.0068526670802384615} elapsed 5.0
{'rank': 3, 'orbit': 87, 'complete': True, 'cross_bijections': 32, 'cross_orbits': 32, 'nodes': 8, 'terminal_histogram': {'ti': 8}, 'unrecognized': [], 'seconds': 0.010729832923971117} elapsed 5.01
{'rank': 3, 'orbit': 88, 'complete': True, 'cross_bijections': 48, 'cross_orbits': 48, 'nodes': 10, 'terminal_histogram': {'ti': 10}, 'unrecognized': [], 'seconds': 0.015399875002913177} elapsed 5.04
{'rank': 3, 'orbit': 89, 'complete': True, 'cross_bijections': 48, 'cross_orbits': 48, 'nodes': 10, 'terminal_histogram': {'ti': 10}, 'unrecognized': [], 'seconds': 0.014940917026251554} elapsed 5.06
{'rank': 3, 'orbit': 90, 'complete': True, 'cross_bijections': 16, 'cross_orbits': 16, 'nodes': 8, 'terminal_histogram': {'ti': 8}, 'unrecognized': [], 'seconds': 0.00688870798330754} elapsed 5.07
{'rank': 3, 'orbit': 91, 'complete': True, 'cross_bijections': 32, 'cross_orbits': 32, 'nodes': 10, 'terminal_histogram': {'ti': 10}, 'unrecognized': [], 'seconds': 0.012539957999251783} elapsed 5.09
{'rank': 3, 'orbit': 92, 'complete': True, 'cross_bijections': 96, 'cross_orbits': 96, 'nodes': 10, 'terminal_histogram': {'ti': 10}, 'unrecognized': [], 'seconds': 0.028206416056491435} elapsed 5.14
{'rank': 3, 'orbit': 93, 'complete': True, 'cross_bijections': 192, 'cross_orbits': 192, 'nodes': 24, 'terminal_histogram': {'ti': 24}, 'unrecognized': [], 'seconds': 0.05399037501774728} elapsed 5.22
{'rank': 3, 'orbit': 94, 'complete': True, 'cross_bijections': 96, 'cross_orbits': 96, 'nodes': 13, 'terminal_histogram': {'ti': 13}, 'unrecognized': [], 'seconds': 0.029055749997496605} elapsed 5.27
{'rank': 3, 'orbit': 95, 'complete': True, 'cross_bijections': 432, 'cross_orbits': 432, 'nodes': 15, 'terminal_histogram': {'ti': 15}, 'unrecognized': [], 'seconds': 0.11111137503758073} elapsed 5.43
{'rank': 3, 'orbit': 96, 'complete': True, 'cross_bijections': 864, 'cross_orbits': 224, 'nodes': 13, 'terminal_histogram': {'ti': 9, 'collision': 4}, 'unrecognized': [], 'seconds': 0.059274959028698504} elapsed 5.52
{'rank': 3, 'orbit': 97, 'complete': True, 'cross_bijections': 32, 'cross_orbits': 32, 'nodes': 8, 'terminal_histogram': {'ti': 8}, 'unrecognized': [], 'seconds': 0.011671500047668815} elapsed 5.54
{'rank': 3, 'orbit': 98, 'complete': True, 'cross_bijections': 2304, 'cross_orbits': 640, 'nodes': 49, 'terminal_histogram': {'ti': 35, 'collision': 11, 'branch': 1, 'homometric': 2}, 'unrecognized': [], 'seconds': 0.16774912492837757} elapsed 5.8
{'rank': 3, 'orbit': 99, 'complete': True, 'cross_bijections': 16, 'cross_orbits': 16, 'nodes': 8, 'terminal_histogram': {'ti': 8}, 'unrecognized': [], 'seconds': 0.006742500001564622} elapsed 5.82
{'rank': 3, 'orbit': 100, 'complete': True, 'cross_bijections': 16, 'cross_orbits': 16, 'nodes': 8, 'terminal_histogram': {'ti': 8}, 'unrecognized': [], 'seconds': 0.006953291012905538} elapsed 5.83
{'rank': 3, 'orbit': 101, 'complete': True, 'cross_bijections': 16, 'cross_orbits': 16, 'nodes': 8, 'terminal_histogram': {'ti': 8}, 'unrecognized': [], 'seconds': 0.006829041987657547} elapsed 5.84
{'rank': 3, 'orbit': 102, 'complete': True, 'cross_bijections': 8, 'cross_orbits': 8, 'nodes': 8, 'terminal_histogram': {'ti': 8}, 'unrecognized': [], 'seconds': 0.005094916094094515} elapsed 5.85
{'rank': 3, 'orbit': 103, 'complete': True, 'cross_bijections': 32, 'cross_orbits': 32, 'nodes': 10, 'terminal_histogram': {'ti': 10}, 'unrecognized': [], 'seconds': 0.011761582922190428} elapsed 5.87
{'rank': 4, 'orbit': 0, 'complete': True, 'cross_bijections': 120, 'cross_orbits': 1, 'nodes': 1, 'terminal_histogram': {'ti': 1}, 'unrecognized': [], 'seconds': 0.0005116669926792383} elapsed 5.87
{'rank': 4, 'orbit': 1, 'complete': True, 'cross_bijections': 2880, 'cross_orbits': 12, 'nodes': 12, 'terminal_histogram': {'ti': 2, 'collision': 9, 'homometric': 1}, 'unrecognized': [], 'seconds': 0.007649917039088905} elapsed 5.89
{'rank': 4, 'orbit': 2, 'complete': True, 'cross_bijections': 40320, 'cross_orbits': 52, 'nodes': 262, 'terminal_histogram': {'ti': 23, 'collision': 98, 'branch': 86, 'homometric': 55}, 'unrecognized': [24, 28, 80, 106, 115, 129, 131, 155, 159, 172, 182, 184], 'seconds': 0.2229917919030413} elapsed 6.38
{'rank': 4, 'orbit': 3, 'complete': True, 'cross_bijections': 3456, 'cross_orbits': 107, 'nodes': 18, 'terminal_histogram': {'ti': 5, 'collision': 13}, 'unrecognized': [], 'seconds': 0.031000958057120442} elapsed 6.44
{'rank': 4, 'orbit': 4, 'complete': True, 'cross_bijections': 17280, 'cross_orbits': 510, 'nodes': 38, 'terminal_histogram': {'ti': 7, 'collision': 23, 'homometric': 8}, 'unrecognized': [], 'seconds': 0.13887941709253937} elapsed 6.69
{'rank': 4, 'orbit': 5, 'complete': True, 'cross_bijections': 8640, 'cross_orbits': 268, 'nodes': 51, 'terminal_histogram': {'ti': 16, 'collision': 28, 'homometric': 7}, 'unrecognized': [], 'seconds': 0.0849917089799419} elapsed 6.84
{'rank': 4, 'orbit': 6, 'complete': True, 'cross_bijections': 86400, 'cross_orbits': 644, 'nodes': 53, 'terminal_histogram': {'ti': 21, 'collision': 32}, 'unrecognized': [], 'seconds': 0.16711912490427494} elapsed 7.38
{'rank': 4, 'orbit': 7, 'complete': True, 'cross_bijections': 241920, 'cross_orbits': 1772, 'nodes': 234, 'terminal_histogram': {'ti': 52, 'collision': 124, 'branch': 21, 'homometric': 37}, 'unrecognized': [], 'seconds': 0.5468417089432478} elapsed 9.08
{'rank': 4, 'orbit': 8, 'complete': True, 'cross_bijections': 120960, 'cross_orbits': 3414, 'nodes': 143, 'terminal_histogram': {'ti': 49, 'collision': 75, 'homometric': 19}, 'unrecognized': [], 'seconds': 0.8987770830281079} elapsed 10.72
{'rank': 4, 'orbit': 9, 'complete': True, 'cross_bijections': 17280, 'cross_orbits': 502, 'nodes': 44, 'terminal_histogram': {'ti': 19, 'collision': 25}, 'unrecognized': [], 'seconds': 0.12837175000458956} elapsed 10.97
{'rank': 4, 'orbit': 10, 'complete': True, 'cross_bijections': 1728, 'cross_orbits': 62, 'nodes': 16, 'terminal_histogram': {'ti': 4, 'collision': 10, 'homometric': 2}, 'unrecognized': [], 'seconds': 0.02059900003951043} elapsed 11.0
{'rank': 4, 'orbit': 11, 'complete': True, 'cross_bijections': 362880, 'cross_orbits': 322, 'nodes': 377, 'terminal_histogram': {'ti': 44, 'collision': 196, 'branch': 70, 'homometric': 67}, 'unrecognized': [], 'seconds': 0.3268682920606807} elapsed 12.87
{'rank': 4, 'orbit': 12, 'complete': True, 'cross_bijections': 725760, 'cross_orbits': 5138, 'nodes': 228, 'terminal_histogram': {'ti': 93, 'collision': 114, 'homometric': 13, 'branch': 8}, 'unrecognized': [], 'seconds': 1.2764847920043394} elapsed 17.3
{'rank': 4, 'orbit': 13, 'complete': True, 'cross_bijections': 432, 'cross_orbits': 112, 'nodes': 22, 'terminal_histogram': {'ti': 14, 'collision': 8}, 'unrecognized': [], 'seconds': 0.0471074579982087} elapsed 17.37
{'rank': 4, 'orbit': 14, 'complete': True, 'cross_bijections': 288, 'cross_orbits': 80, 'nodes': 18, 'terminal_histogram': {'ti': 10, 'collision': 8}, 'unrecognized': [], 'seconds': 0.025687625049613416} elapsed 17.42
{'rank': 4, 'orbit': 15, 'complete': True, 'cross_bijections': 384, 'cross_orbits': 128, 'nodes': 28, 'terminal_histogram': {'ti': 20, 'collision': 8}, 'unrecognized': [], 'seconds': 0.04114508396014571} elapsed 17.48
{'rank': 4, 'orbit': 16, 'complete': True, 'cross_bijections': 1728, 'cross_orbits': 440, 'nodes': 27, 'terminal_histogram': {'ti': 17, 'collision': 10}, 'unrecognized': [], 'seconds': 0.1150005420204252} elapsed 17.66
{'rank': 4, 'orbit': 17, 'complete': True, 'cross_bijections': 1728, 'cross_orbits': 440, 'nodes': 29, 'terminal_histogram': {'ti': 19, 'collision': 10}, 'unrecognized': [], 'seconds': 0.11633970809634775} elapsed 17.83
{'rank': 4, 'orbit': 18, 'complete': True, 'cross_bijections': 576, 'cross_orbits': 160, 'nodes': 32, 'terminal_histogram': {'ti': 24, 'collision': 8}, 'unrecognized': [], 'seconds': 0.06196875008754432} elapsed 17.94
{'rank': 4, 'orbit': 19, 'complete': True, 'cross_bijections': 576, 'cross_orbits': 160, 'nodes': 26, 'terminal_histogram': {'ti': 18, 'collision': 8}, 'unrecognized': [], 'seconds': 0.06481620902195573} elapsed 18.04
{'rank': 4, 'orbit': 20, 'complete': True, 'cross_bijections': 3456, 'cross_orbits': 880, 'nodes': 44, 'terminal_histogram': {'ti': 21, 'collision': 10, 'homometric': 13}, 'unrecognized': [35, 41], 'seconds': 0.38326604198664427} elapsed 18.56
{'rank': 4, 'orbit': 21, 'complete': True, 'cross_bijections': 6912, 'cross_orbits': 1744, 'nodes': 37, 'terminal_histogram': {'ti': 24, 'collision': 13}, 'unrecognized': [], 'seconds': 0.4474482500227168} elapsed 19.25
{'rank': 4, 'orbit': 22, 'complete': True, 'cross_bijections': 1152, 'cross_orbits': 384, 'nodes': 47, 'terminal_histogram': {'ti': 25, 'collision': 10, 'homometric': 12}, 'unrecognized': [], 'seconds': 0.12311470892746001} elapsed 19.46
{'rank': 4, 'orbit': 23, 'complete': True, 'cross_bijections': 2880, 'cross_orbits': 736, 'nodes': 48, 'terminal_histogram': {'ti': 38, 'collision': 10}, 'unrecognized': [], 'seconds': 0.20208020810969174} elapsed 19.78
{'rank': 4, 'orbit': 24, 'complete': True, 'cross_bijections': 1152, 'cross_orbits': 320, 'nodes': 32, 'terminal_histogram': {'ti': 18, 'collision': 8, 'homometric': 6}, 'unrecognized': [], 'seconds': 0.09661358292214572} elapsed 19.92
{'rank': 4, 'orbit': 25, 'complete': True, 'cross_bijections': 384, 'cross_orbits': 128, 'nodes': 28, 'terminal_histogram': {'ti': 20, 'collision': 8}, 'unrecognized': [], 'seconds': 0.0425581659656018} elapsed 19.99
{'rank': 4, 'orbit': 26, 'complete': True, 'cross_bijections': 6912, 'cross_orbits': 480, 'nodes': 33, 'terminal_histogram': {'ti': 20, 'collision': 13}, 'unrecognized': [], 'seconds': 0.12537562497891486} elapsed 20.19
{'rank': 4, 'orbit': 27, 'complete': True, 'cross_bijections': 34560, 'cross_orbits': 8688, 'nodes': 80, 'terminal_histogram': {'ti': 47, 'collision': 19, 'homometric': 14}, 'unrecognized': [], 'seconds': 2.1768412080127746} elapsed 23.42
{'rank': 4, 'orbit': 28, 'complete': True, 'cross_bijections': 8640, 'cross_orbits': 2176, 'nodes': 48, 'terminal_histogram': {'ti': 38, 'collision': 10}, 'unrecognized': [], 'seconds': 0.5440260419854894} elapsed 24.23
{'rank': 4, 'orbit': 29, 'complete': True, 'cross_bijections': 34560, 'cross_orbits': 2240, 'nodes': 71, 'terminal_histogram': {'ti': 53, 'collision': 18}, 'unrecognized': [], 'seconds': 0.5430998750962317} elapsed 25.13
{'rank': 4, 'orbit': 30, 'complete': True, 'cross_bijections': 17280, 'cross_orbits': 1184, 'nodes': 81, 'terminal_histogram': {'ti': 58, 'collision': 23}, 'unrecognized': [], 'seconds': 0.3110441660974175} elapsed 25.66
{'rank': 4, 'orbit': 31, 'complete': True, 'cross_bijections': 11520, 'cross_orbits': 2912, 'nodes': 87, 'terminal_histogram': {'ti': 61, 'collision': 13, 'homometric': 13}, 'unrecognized': [], 'seconds': 0.7845981669379398} elapsed 26.82
{'rank': 4, 'orbit': 32, 'complete': True, 'cross_bijections': 8640, 'cross_orbits': 2176, 'nodes': 57, 'terminal_histogram': {'ti': 44, 'collision': 13}, 'unrecognized': [], 'seconds': 0.5537109590368345} elapsed 27.65
{'rank': 4, 'orbit': 33, 'complete': True, 'cross_bijections': 288, 'cross_orbits': 80, 'nodes': 18, 'terminal_histogram': {'ti': 10, 'collision': 8}, 'unrecognized': [], 'seconds': 0.02605066599790007} elapsed 27.69
{'rank': 4, 'orbit': 34, 'complete': True, 'cross_bijections': 69120, 'cross_orbits': 4448, 'nodes': 108, 'terminal_histogram': {'ti': 68, 'collision': 40}, 'unrecognized': [], 'seconds': 1.1083808339899406} elapsed 29.48
{'rank': 4, 'orbit': 35, 'complete': True, 'cross_bijections': 6912, 'cross_orbits': 544, 'nodes': 61, 'terminal_histogram': {'ti': 26, 'collision': 24, 'branch': 2, 'homometric': 9}, 'unrecognized': [], 'seconds': 0.16146620805375278} elapsed 29.75
{'rank': 4, 'orbit': 36, 'complete': True, 'cross_bijections': 172800, 'cross_orbits': 10912, 'nodes': 183, 'terminal_histogram': {'ti': 78, 'collision': 46, 'homometric': 44, 'branch': 15}, 'unrecognized': [164, 171], 'seconds': 2.653743000002578} elapsed 34.17
{'rank': 4, 'orbit': 37, 'complete': True, 'cross_bijections': 241920, 'cross_orbits': 15216, 'nodes': 179, 'terminal_histogram': {'ti': 118, 'collision': 38, 'homometric': 23}, 'unrecognized': [115, 116, 137, 146, 149, 150, 170], 'seconds': 4.041667999932542} elapsed 40.69
{'rank': 4, 'orbit': 38, 'complete': True, 'cross_bijections': 103680, 'cross_orbits': 25952, 'nodes': 116, 'terminal_histogram': {'ti': 97, 'collision': 19}, 'unrecognized': [], 'seconds': 6.576037958962843} elapsed 50.79
{'rank': 4, 'orbit': 39, 'complete': True, 'cross_bijections': 17280, 'cross_orbits': 4336, 'nodes': 62, 'terminal_histogram': {'ti': 49, 'collision': 13}, 'unrecognized': [], 'seconds': 1.0909658329328522} elapsed 52.44
{'rank': 4, 'orbit': 40, 'complete': True, 'cross_bijections': 3456, 'cross_orbits': 880, 'nodes': 37, 'terminal_histogram': {'ti': 24, 'collision': 13}, 'unrecognized': [], 'seconds': 0.22617941594216973} elapsed 52.78
{'rank': 4, 'orbit': 41, 'complete': True, 'cross_bijections': 34560, 'cross_orbits': 2368, 'nodes': 124, 'terminal_histogram': {'ti': 67, 'collision': 35, 'branch': 5, 'homometric': 17}, 'unrecognized': [], 'seconds': 0.6224198749987409} elapsed 53.8
{'rank': 4, 'orbit': 42, 'complete': True, 'cross_bijections': 3456, 'cross_orbits': 880, 'nodes': 43, 'terminal_histogram': {'ti': 33, 'collision': 10}, 'unrecognized': [], 'seconds': 0.23287174990400672} elapsed 54.16
{'rank': 4, 'orbit': 43, 'complete': True, 'cross_bijections': 967680, 'cross_orbits': 16128, 'nodes': 652, 'terminal_histogram': {'ti': 215, 'collision': 226, 'branch': 64, 'homometric': 147}, 'unrecognized': [261, 308, 615, 651], 'seconds': 3.9908890000078827} elapsed 63.45
{'rank': 4, 'orbit': 44, 'complete': True, 'cross_bijections': 967680, 'cross_orbits': 60768, 'nodes': 454, 'terminal_histogram': {'ti': 362, 'collision': 92}, 'unrecognized': [], 'seconds': 14.699732417007908} elapsed 87.46
{'rank': 4, 'orbit': 45, 'complete': True, 'cross_bijections': 17280, 'cross_orbits': 1152, 'nodes': 58, 'terminal_histogram': {'ti': 39, 'collision': 19}, 'unrecognized': [], 'seconds': 0.28587124997284263} elapsed 87.97
{'rank': 4, 'orbit': 46, 'complete': True, 'cross_bijections': 16, 'cross_orbits': 16, 'nodes': 16, 'terminal_histogram': {'ti': 16}, 'unrecognized': [], 'seconds': 0.01103033300023526} elapsed 88.0
{'rank': 4, 'orbit': 47, 'complete': True, 'cross_bijections': 16, 'cross_orbits': 16, 'nodes': 16, 'terminal_histogram': {'ti': 16}, 'unrecognized': [], 'seconds': 0.010575457941740751} elapsed 88.01
{'rank': 4, 'orbit': 48, 'complete': True, 'cross_bijections': 16, 'cross_orbits': 16, 'nodes': 16, 'terminal_histogram': {'ti': 16}, 'unrecognized': [], 'seconds': 0.010589207988232374} elapsed 88.03
{'rank': 4, 'orbit': 49, 'complete': True, 'cross_bijections': 16, 'cross_orbits': 16, 'nodes': 16, 'terminal_histogram': {'ti': 16}, 'unrecognized': [], 'seconds': 0.010914874961599708} elapsed 88.05
{'rank': 4, 'orbit': 50, 'complete': True, 'cross_bijections': 16, 'cross_orbits': 16, 'nodes': 16, 'terminal_histogram': {'ti': 16}, 'unrecognized': [], 'seconds': 0.01167445897590369} elapsed 88.07
{'rank': 4, 'orbit': 51, 'complete': True, 'cross_bijections': 16, 'cross_orbits': 16, 'nodes': 16, 'terminal_histogram': {'ti': 16}, 'unrecognized': [], 'seconds': 0.010912625002674758} elapsed 88.1
{'rank': 4, 'orbit': 52, 'complete': True, 'cross_bijections': 16, 'cross_orbits': 16, 'nodes': 16, 'terminal_histogram': {'ti': 16}, 'unrecognized': [], 'seconds': 0.011184707982465625} elapsed 88.12
{'rank': 4, 'orbit': 53, 'complete': True, 'cross_bijections': 48, 'cross_orbits': 48, 'nodes': 20, 'terminal_histogram': {'ti': 20}, 'unrecognized': [], 'seconds': 0.020244040992110968} elapsed 88.15
{'rank': 4, 'orbit': 54, 'complete': True, 'cross_bijections': 16, 'cross_orbits': 16, 'nodes': 16, 'terminal_histogram': {'ti': 16}, 'unrecognized': [], 'seconds': 0.010740666068159044} elapsed 88.17
{'rank': 4, 'orbit': 55, 'complete': True, 'cross_bijections': 48, 'cross_orbits': 48, 'nodes': 20, 'terminal_histogram': {'ti': 20}, 'unrecognized': [], 'seconds': 0.020178165985271335} elapsed 88.2
{'rank': 4, 'orbit': 56, 'complete': True, 'cross_bijections': 48, 'cross_orbits': 48, 'nodes': 20, 'terminal_histogram': {'ti': 20}, 'unrecognized': [], 'seconds': 0.02025366690941155} elapsed 88.23
{'rank': 4, 'orbit': 57, 'complete': True, 'cross_bijections': 16, 'cross_orbits': 16, 'nodes': 16, 'terminal_histogram': {'ti': 16}, 'unrecognized': [], 'seconds': 0.010971833020448685} elapsed 88.25
{'rank': 4, 'orbit': 58, 'complete': True, 'cross_bijections': 32, 'cross_orbits': 32, 'nodes': 16, 'terminal_histogram': {'ti': 16}, 'unrecognized': [], 'seconds': 0.015043332939967513} elapsed 88.28
{'rank': 4, 'orbit': 59, 'complete': True, 'cross_bijections': 32, 'cross_orbits': 32, 'nodes': 16, 'terminal_histogram': {'ti': 16}, 'unrecognized': [], 'seconds': 0.014350040932185948} elapsed 88.3
{'rank': 4, 'orbit': 60, 'complete': True, 'cross_bijections': 32, 'cross_orbits': 32, 'nodes': 16, 'terminal_histogram': {'ti': 16}, 'unrecognized': [], 'seconds': 0.014647875097580254} elapsed 88.33
{'rank': 4, 'orbit': 61, 'complete': True, 'cross_bijections': 48, 'cross_orbits': 48, 'nodes': 20, 'terminal_histogram': {'ti': 20}, 'unrecognized': [], 'seconds': 0.02034029201604426} elapsed 88.36
{'rank': 4, 'orbit': 62, 'complete': True, 'cross_bijections': 48, 'cross_orbits': 48, 'nodes': 20, 'terminal_histogram': {'ti': 20}, 'unrecognized': [], 'seconds': 0.019817749969661236} elapsed 88.4
{'rank': 4, 'orbit': 63, 'complete': True, 'cross_bijections': 16, 'cross_orbits': 16, 'nodes': 16, 'terminal_histogram': {'ti': 16}, 'unrecognized': [], 'seconds': 0.01044475007802248} elapsed 88.42
{'rank': 4, 'orbit': 64, 'complete': True, 'cross_bijections': 32, 'cross_orbits': 32, 'nodes': 16, 'terminal_histogram': {'ti': 16}, 'unrecognized': [], 'seconds': 0.014488582964986563} elapsed 88.44
{'rank': 4, 'orbit': 65, 'complete': True, 'cross_bijections': 96, 'cross_orbits': 96, 'nodes': 20, 'terminal_histogram': {'ti': 20}, 'unrecognized': [], 'seconds': 0.03187275002710521} elapsed 88.49
{'rank': 4, 'orbit': 66, 'complete': True, 'cross_bijections': 96, 'cross_orbits': 96, 'nodes': 20, 'terminal_histogram': {'ti': 20}, 'unrecognized': [], 'seconds': 0.03155612503178418} elapsed 88.54
{'rank': 4, 'orbit': 67, 'complete': True, 'cross_bijections': 48, 'cross_orbits': 48, 'nodes': 20, 'terminal_histogram': {'ti': 20}, 'unrecognized': [], 'seconds': 0.020003332989290357} elapsed 88.58
{'rank': 4, 'orbit': 68, 'complete': True, 'cross_bijections': 144, 'cross_orbits': 144, 'nodes': 26, 'terminal_histogram': {'ti': 26}, 'unrecognized': [], 'seconds': 0.04539366695098579} elapsed 88.65
{'rank': 4, 'orbit': 69, 'complete': True, 'cross_bijections': 48, 'cross_orbits': 48, 'nodes': 20, 'terminal_histogram': {'ti': 20}, 'unrecognized': [], 'seconds': 0.020256833056919277} elapsed 88.68
{'rank': 4, 'orbit': 70, 'complete': True, 'cross_bijections': 48, 'cross_orbits': 48, 'nodes': 20, 'terminal_histogram': {'ti': 20}, 'unrecognized': [], 'seconds': 0.01954791694879532} elapsed 88.72
{'rank': 4, 'orbit': 71, 'complete': True, 'cross_bijections': 96, 'cross_orbits': 96, 'nodes': 20, 'terminal_histogram': {'ti': 20}, 'unrecognized': [], 'seconds': 0.03105458407662809} elapsed 88.76
{'rank': 4, 'orbit': 72, 'complete': True, 'cross_bijections': 144, 'cross_orbits': 144, 'nodes': 26, 'terminal_histogram': {'ti': 26}, 'unrecognized': [], 'seconds': 0.04616408399306238} elapsed 88.84
{'rank': 4, 'orbit': 73, 'complete': True, 'cross_bijections': 16, 'cross_orbits': 16, 'nodes': 16, 'terminal_histogram': {'ti': 16}, 'unrecognized': [], 'seconds': 0.010947582894004881} elapsed 88.86
{'rank': 4, 'orbit': 74, 'complete': True, 'cross_bijections': 32, 'cross_orbits': 32, 'nodes': 16, 'terminal_histogram': {'ti': 16}, 'unrecognized': [], 'seconds': 0.015012541087344289} elapsed 88.88
{'rank': 4, 'orbit': 75, 'complete': True, 'cross_bijections': 96, 'cross_orbits': 96, 'nodes': 26, 'terminal_histogram': {'ti': 26}, 'unrecognized': [], 'seconds': 0.035822374979034066} elapsed 88.94
{'rank': 4, 'orbit': 76, 'complete': True, 'cross_bijections': 32, 'cross_orbits': 32, 'nodes': 16, 'terminal_histogram': {'ti': 16}, 'unrecognized': [], 'seconds': 0.014544874895364046} elapsed 88.96
{'rank': 4, 'orbit': 77, 'complete': True, 'cross_bijections': 96, 'cross_orbits': 96, 'nodes': 20, 'terminal_histogram': {'ti': 20}, 'unrecognized': [], 'seconds': 0.03074291697703302} elapsed 89.01
{'rank': 4, 'orbit': 78, 'complete': True, 'cross_bijections': 96, 'cross_orbits': 96, 'nodes': 20, 'terminal_histogram': {'ti': 20}, 'unrecognized': [], 'seconds': 0.0314251659438014} elapsed 89.06
{'rank': 4, 'orbit': 79, 'complete': True, 'cross_bijections': 96, 'cross_orbits': 96, 'nodes': 20, 'terminal_histogram': {'ti': 20}, 'unrecognized': [], 'seconds': 0.03206641704309732} elapsed 89.12
{'rank': 4, 'orbit': 80, 'complete': True, 'cross_bijections': 96, 'cross_orbits': 96, 'nodes': 20, 'terminal_histogram': {'ti': 20}, 'unrecognized': [], 'seconds': 0.031163834035396576} elapsed 89.17
{'rank': 4, 'orbit': 81, 'complete': True, 'cross_bijections': 144, 'cross_orbits': 144, 'nodes': 25, 'terminal_histogram': {'ti': 25}, 'unrecognized': [], 'seconds': 0.045335999922826886} elapsed 89.24
{'rank': 4, 'orbit': 82, 'complete': True, 'cross_bijections': 32, 'cross_orbits': 32, 'nodes': 16, 'terminal_histogram': {'ti': 16}, 'unrecognized': [], 'seconds': 0.014711250085383654} elapsed 89.26
{'rank': 4, 'orbit': 83, 'complete': True, 'cross_bijections': 288, 'cross_orbits': 288, 'nodes': 26, 'terminal_histogram': {'ti': 26}, 'unrecognized': [], 'seconds': 0.08118679199833423} elapsed 89.39
{'rank': 4, 'orbit': 84, 'complete': True, 'cross_bijections': 288, 'cross_orbits': 288, 'nodes': 26, 'terminal_histogram': {'ti': 26}, 'unrecognized': [], 'seconds': 0.08129825000651181} elapsed 89.51
{'rank': 4, 'orbit': 85, 'complete': True, 'cross_bijections': 144, 'cross_orbits': 144, 'nodes': 26, 'terminal_histogram': {'ti': 26}, 'unrecognized': [], 'seconds': 0.04777116701006889} elapsed 89.59
{'rank': 4, 'orbit': 86, 'complete': True, 'cross_bijections': 96, 'cross_orbits': 96, 'nodes': 26, 'terminal_histogram': {'ti': 26}, 'unrecognized': [], 'seconds': 0.051516084000468254} elapsed 89.67
{'rank': 4, 'orbit': 87, 'complete': True, 'cross_bijections': 96, 'cross_orbits': 96, 'nodes': 20, 'terminal_histogram': {'ti': 20}, 'unrecognized': [], 'seconds': 0.031167166074737906} elapsed 89.72
{'rank': 4, 'orbit': 88, 'complete': True, 'cross_bijections': 96, 'cross_orbits': 96, 'nodes': 20, 'terminal_histogram': {'ti': 20}, 'unrecognized': [], 'seconds': 0.03356058395002037} elapsed 89.78
{'rank': 4, 'orbit': 89, 'complete': True, 'cross_bijections': 32, 'cross_orbits': 32, 'nodes': 16, 'terminal_histogram': {'ti': 16}, 'unrecognized': [], 'seconds': 0.01500295801088214} elapsed 89.8
{'rank': 4, 'orbit': 90, 'complete': True, 'cross_bijections': 192, 'cross_orbits': 64, 'nodes': 16, 'terminal_histogram': {'ti': 8, 'collision': 8}, 'unrecognized': [], 'seconds': 0.021118416916579008} elapsed 89.84
{'rank': 4, 'orbit': 91, 'complete': True, 'cross_bijections': 192, 'cross_orbits': 192, 'nodes': 20, 'terminal_histogram': {'ti': 20}, 'unrecognized': [], 'seconds': 0.058658292051404715} elapsed 89.93
{'rank': 4, 'orbit': 92, 'complete': True, 'cross_bijections': 192, 'cross_orbits': 192, 'nodes': 26, 'terminal_histogram': {'ti': 26}, 'unrecognized': [], 'seconds': 0.057493916945531964} elapsed 90.02
{'rank': 4, 'orbit': 93, 'complete': True, 'cross_bijections': 576, 'cross_orbits': 576, 'nodes': 38, 'terminal_histogram': {'ti': 38}, 'unrecognized': [], 'seconds': 0.1582824169890955} elapsed 90.26
{'rank': 4, 'orbit': 94, 'complete': True, 'cross_bijections': 288, 'cross_orbits': 288, 'nodes': 26, 'terminal_histogram': {'ti': 26}, 'unrecognized': [], 'seconds': 0.08166600007098168} elapsed 90.39
{'rank': 4, 'orbit': 95, 'complete': True, 'cross_bijections': 96, 'cross_orbits': 96, 'nodes': 20, 'terminal_histogram': {'ti': 20}, 'unrecognized': [], 'seconds': 0.03189908410422504} elapsed 90.44
{'rank': 4, 'orbit': 96, 'complete': True, 'cross_bijections': 864, 'cross_orbits': 864, 'nodes': 30, 'terminal_histogram': {'ti': 30}, 'unrecognized': [], 'seconds': 0.22542308294214308} elapsed 90.77
{'rank': 4, 'orbit': 97, 'complete': True, 'cross_bijections': 432, 'cross_orbits': 432, 'nodes': 36, 'terminal_histogram': {'ti': 36}, 'unrecognized': [], 'seconds': 0.12219899997580796} elapsed 90.96
{'rank': 4, 'orbit': 98, 'complete': True, 'cross_bijections': 432, 'cross_orbits': 432, 'nodes': 34, 'terminal_histogram': {'ti': 34}, 'unrecognized': [], 'seconds': 0.12044179090298712} elapsed 91.14
{'rank': 4, 'orbit': 99, 'complete': True, 'cross_bijections': 96, 'cross_orbits': 96, 'nodes': 20, 'terminal_histogram': {'ti': 20}, 'unrecognized': [], 'seconds': 0.03277225000783801} elapsed 91.19
{'rank': 4, 'orbit': 100, 'complete': True, 'cross_bijections': 96, 'cross_orbits': 96, 'nodes': 20, 'terminal_histogram': {'ti': 20}, 'unrecognized': [], 'seconds': 0.03087604104075581} elapsed 91.24
{'rank': 4, 'orbit': 101, 'complete': True, 'cross_bijections': 576, 'cross_orbits': 160, 'nodes': 26, 'terminal_histogram': {'ti': 18, 'collision': 8}, 'unrecognized': [], 'seconds': 0.04951550008263439} elapsed 91.32
{'rank': 4, 'orbit': 102, 'complete': True, 'cross_bijections': 576, 'cross_orbits': 576, 'nodes': 38, 'terminal_histogram': {'ti': 38}, 'unrecognized': [], 'seconds': 0.1567249579820782} elapsed 91.55
{'rank': 4, 'orbit': 103, 'complete': True, 'cross_bijections': 288, 'cross_orbits': 288, 'nodes': 35, 'terminal_histogram': {'ti': 35}, 'unrecognized': [], 'seconds': 0.08500579209066927} elapsed 91.69
{'rank': 4, 'orbit': 104, 'complete': True, 'cross_bijections': 48, 'cross_orbits': 48, 'nodes': 20, 'terminal_histogram': {'ti': 20}, 'unrecognized': [], 'seconds': 0.01960879098623991} elapsed 91.72
{'rank': 4, 'orbit': 105, 'complete': True, 'cross_bijections': 64, 'cross_orbits': 64, 'nodes': 16, 'terminal_histogram': {'ti': 16}, 'unrecognized': [], 'seconds': 0.02196508296765387} elapsed 91.75
{'rank': 4, 'orbit': 106, 'complete': True, 'cross_bijections': 192, 'cross_orbits': 64, 'nodes': 16, 'terminal_histogram': {'ti': 8, 'collision': 8}, 'unrecognized': [], 'seconds': 0.020735208061523736} elapsed 91.79
{'rank': 4, 'orbit': 107, 'complete': True, 'cross_bijections': 576, 'cross_orbits': 576, 'nodes': 34, 'terminal_histogram': {'ti': 34}, 'unrecognized': [], 'seconds': 0.1581523750210181} elapsed 92.04
{'rank': 4, 'orbit': 108, 'complete': True, 'cross_bijections': 768, 'cross_orbits': 768, 'nodes': 30, 'terminal_histogram': {'ti': 30}, 'unrecognized': [], 'seconds': 0.19902883400209248} elapsed 92.33
{'rank': 4, 'orbit': 109, 'complete': True, 'cross_bijections': 96, 'cross_orbits': 96, 'nodes': 20, 'terminal_histogram': {'ti': 20}, 'unrecognized': [], 'seconds': 0.031607417040504515} elapsed 92.38
{'rank': 4, 'orbit': 110, 'complete': True, 'cross_bijections': 1296, 'cross_orbits': 1296, 'nodes': 40, 'terminal_histogram': {'ti': 40}, 'unrecognized': [], 'seconds': 0.3397214579163119} elapsed 92.88
{'rank': 4, 'orbit': 111, 'complete': True, 'cross_bijections': 864, 'cross_orbits': 864, 'nodes': 34, 'terminal_histogram': {'ti': 34}, 'unrecognized': [], 'seconds': 0.23003795894328505} elapsed 93.23
{'rank': 4, 'orbit': 112, 'complete': True, 'cross_bijections': 1152, 'cross_orbits': 1152, 'nodes': 40, 'terminal_histogram': {'ti': 40}, 'unrecognized': [], 'seconds': 0.3022887089755386} elapsed 93.68
{'rank': 4, 'orbit': 113, 'complete': True, 'cross_bijections': 144, 'cross_orbits': 144, 'nodes': 26, 'terminal_histogram': {'ti': 26}, 'unrecognized': [], 'seconds': 0.045458707958459854} elapsed 93.75
{'rank': 4, 'orbit': 114, 'complete': True, 'cross_bijections': 192, 'cross_orbits': 192, 'nodes': 20, 'terminal_histogram': {'ti': 20}, 'unrecognized': [], 'seconds': 0.055429749889299273} elapsed 93.83
{'rank': 4, 'orbit': 115, 'complete': True, 'cross_bijections': 576, 'cross_orbits': 160, 'nodes': 26, 'terminal_histogram': {'ti': 18, 'collision': 8}, 'unrecognized': [], 'seconds': 0.04868566698860377} elapsed 93.91
{'rank': 4, 'orbit': 116, 'complete': True, 'cross_bijections': 1728, 'cross_orbits': 1728, 'nodes': 52, 'terminal_histogram': {'ti': 52}, 'unrecognized': [], 'seconds': 0.45833358296658844} elapsed 94.59
{'rank': 4, 'orbit': 117, 'complete': True, 'cross_bijections': 288, 'cross_orbits': 288, 'nodes': 34, 'terminal_histogram': {'ti': 34}, 'unrecognized': [], 'seconds': 0.08676991704851389} elapsed 94.72
{'rank': 4, 'orbit': 118, 'complete': True, 'cross_bijections': 576, 'cross_orbits': 160, 'nodes': 26, 'terminal_histogram': {'ti': 18, 'collision': 8}, 'unrecognized': [], 'seconds': 0.0496915839612484} elapsed 94.8
{'rank': 4, 'orbit': 119, 'complete': True, 'cross_bijections': 16, 'cross_orbits': 16, 'nodes': 16, 'terminal_histogram': {'ti': 16}, 'unrecognized': [], 'seconds': 0.010914042009972036} elapsed 94.82
{'rank': 4, 'orbit': 120, 'complete': True, 'cross_bijections': 144, 'cross_orbits': 144, 'nodes': 26, 'terminal_histogram': {'ti': 26}, 'unrecognized': [], 'seconds': 0.04531941609457135} elapsed 94.89
{'rank': 4, 'orbit': 121, 'complete': True, 'cross_bijections': 96, 'cross_orbits': 96, 'nodes': 20, 'terminal_histogram': {'ti': 20}, 'unrecognized': [], 'seconds': 0.032068457920104265} elapsed 94.94
{'rank': 4, 'orbit': 122, 'complete': True, 'cross_bijections': 16, 'cross_orbits': 16, 'nodes': 16, 'terminal_histogram': {'ti': 16}, 'unrecognized': [], 'seconds': 0.010362041997723281} elapsed 94.96
{'rank': 4, 'orbit': 123, 'complete': True, 'cross_bijections': 1152, 'cross_orbits': 304, 'nodes': 24, 'terminal_histogram': {'ti': 14, 'collision': 10}, 'unrecognized': [], 'seconds': 0.07998779194895178} elapsed 95.09
{'rank': 4, 'orbit': 124, 'complete': True, 'cross_bijections': 576, 'cross_orbits': 192, 'nodes': 26, 'terminal_histogram': {'ti': 10, 'collision': 10, 'homometric': 6}, 'unrecognized': [], 'seconds': 0.0588551249820739} elapsed 95.18
{'rank': 4, 'orbit': 125, 'complete': True, 'cross_bijections': 192, 'cross_orbits': 64, 'nodes': 16, 'terminal_histogram': {'ti': 8, 'collision': 8}, 'unrecognized': [], 'seconds': 0.021518666995689273} elapsed 95.21
{'rank': 4, 'orbit': 126, 'complete': True, 'cross_bijections': 3456, 'cross_orbits': 3456, 'nodes': 47, 'terminal_histogram': {'ti': 47}, 'unrecognized': [], 'seconds': 0.8778462080517784} elapsed 96.49
{'rank': 4, 'orbit': 127, 'complete': True, 'cross_bijections': 3456, 'cross_orbits': 3456, 'nodes': 96, 'terminal_histogram': {'ti': 96}, 'unrecognized': [], 'seconds': 0.9259288330795243} elapsed 97.85
{'rank': 4, 'orbit': 128, 'complete': True, 'cross_bijections': 192, 'cross_orbits': 192, 'nodes': 26, 'terminal_histogram': {'ti': 26}, 'unrecognized': [], 'seconds': 0.05888124997727573} elapsed 97.94
{'rank': 4, 'orbit': 129, 'complete': True, 'cross_bijections': 288, 'cross_orbits': 288, 'nodes': 26, 'terminal_histogram': {'ti': 26}, 'unrecognized': [], 'seconds': 0.08463979104999453} elapsed 98.07
{'rank': 4, 'orbit': 130, 'complete': True, 'cross_bijections': 2880, 'cross_orbits': 736, 'nodes': 48, 'terminal_histogram': {'ti': 38, 'collision': 10}, 'unrecognized': [], 'seconds': 0.20728175004478544} elapsed 98.39
{'rank': 4, 'orbit': 131, 'complete': True, 'cross_bijections': 6912, 'cross_orbits': 6912, 'nodes': 75, 'terminal_histogram': {'ti': 75}, 'unrecognized': [], 'seconds': 1.8229012499796227} elapsed 101.02
{'rank': 4, 'orbit': 132, 'complete': True, 'cross_bijections': 4320, 'cross_orbits': 1088, 'nodes': 44, 'terminal_histogram': {'ti': 34, 'collision': 10}, 'unrecognized': [], 'seconds': 0.2956386669538915} elapsed 101.48
{'rank': 4, 'orbit': 133, 'complete': True, 'cross_bijections': 1152, 'cross_orbits': 1152, 'nodes': 52, 'terminal_histogram': {'ti': 52}, 'unrecognized': [], 'seconds': 0.32336425001267344} elapsed 101.95
{'rank': 4, 'orbit': 134, 'complete': True, 'cross_bijections': 576, 'cross_orbits': 160, 'nodes': 26, 'terminal_histogram': {'ti': 18, 'collision': 8}, 'unrecognized': [], 'seconds': 0.0501742500346154} elapsed 102.03
{'rank': 4, 'orbit': 135, 'complete': True, 'cross_bijections': 16, 'cross_orbits': 16, 'nodes': 16, 'terminal_histogram': {'ti': 16}, 'unrecognized': [], 'seconds': 0.010810666950419545} elapsed 102.05
{'rank': 4, 'orbit': 136, 'complete': True, 'cross_bijections': 288, 'cross_orbits': 288, 'nodes': 26, 'terminal_histogram': {'ti': 26}, 'unrecognized': [], 'seconds': 0.08236975001636893} elapsed 102.19
{'rank': 4, 'orbit': 137, 'complete': True, 'cross_bijections': 288, 'cross_orbits': 288, 'nodes': 26, 'terminal_histogram': {'ti': 26}, 'unrecognized': [], 'seconds': 0.08409274998120964} elapsed 102.32
{'rank': 4, 'orbit': 138, 'complete': True, 'cross_bijections': 64, 'cross_orbits': 64, 'nodes': 27, 'terminal_histogram': {'ti': 27}, 'unrecognized': [], 'seconds': 0.027774707996286452} elapsed 102.36
{'rank': 4, 'orbit': 139, 'complete': True, 'cross_bijections': 64, 'cross_orbits': 64, 'nodes': 20, 'terminal_histogram': {'ti': 20}, 'unrecognized': [], 'seconds': 0.025112290983088315} elapsed 102.4
{'rank': 4, 'orbit': 140, 'complete': True, 'cross_bijections': 16, 'cross_orbits': 16, 'nodes': 16, 'terminal_histogram': {'ti': 16}, 'unrecognized': [], 'seconds': 0.010876832995563745} elapsed 102.42
{'rank': 4, 'orbit': 141, 'complete': True, 'cross_bijections': 16, 'cross_orbits': 16, 'nodes': 16, 'terminal_histogram': {'ti': 16}, 'unrecognized': [], 'seconds': 0.010444540996104479} elapsed 102.44
{'rank': 4, 'orbit': 142, 'complete': True, 'cross_bijections': 3456, 'cross_orbits': 880, 'nodes': 24, 'terminal_histogram': {'ti': 14, 'collision': 10}, 'unrecognized': [], 'seconds': 0.22354254208039492} elapsed 102.78
{'rank': 4, 'orbit': 143, 'complete': True, 'cross_bijections': 3456, 'cross_orbits': 912, 'nodes': 41, 'terminal_histogram': {'ti': 16, 'collision': 13, 'homometric': 12}, 'unrecognized': [], 'seconds': 0.24217033304739743} elapsed 103.14
{'rank': 4, 'orbit': 144, 'complete': True, 'cross_bijections': 288, 'cross_orbits': 80, 'nodes': 18, 'terminal_histogram': {'ti': 10, 'collision': 8}, 'unrecognized': [], 'seconds': 0.026280291960574687} elapsed 103.19
{'rank': 4, 'orbit': 145, 'complete': True, 'cross_bijections': 576, 'cross_orbits': 160, 'nodes': 16, 'terminal_histogram': {'ti': 8, 'collision': 8}, 'unrecognized': [], 'seconds': 0.04397858306765556} elapsed 103.26
{'rank': 4, 'orbit': 146, 'complete': True, 'cross_bijections': 5184, 'cross_orbits': 1304, 'nodes': 39, 'terminal_histogram': {'ti': 25, 'collision': 12, 'branch': 1, 'homometric': 1}, 'unrecognized': [], 'seconds': 0.3565257500158623} elapsed 103.77
{'rank': 4, 'orbit': 147, 'complete': True, 'cross_bijections': 34560, 'cross_orbits': 34560, 'nodes': 189, 'terminal_histogram': {'ti': 189}, 'unrecognized': [], 'seconds': 8.830374125041999} elapsed 116.63
{'rank': 4, 'orbit': 148, 'complete': True, 'cross_bijections': 6912, 'cross_orbits': 1760, 'nodes': 54, 'terminal_histogram': {'ti': 32, 'collision': 10, 'homometric': 12}, 'unrecognized': [], 'seconds': 0.4659749590791762} elapsed 117.33
{'rank': 4, 'orbit': 149, 'complete': True, 'cross_bijections': 17280, 'cross_orbits': 4336, 'nodes': 74, 'terminal_histogram': {'ti': 61, 'collision': 13}, 'unrecognized': [], 'seconds': 1.1043097920482978} elapsed 118.95
{'rank': 4, 'orbit': 150, 'complete': True, 'cross_bijections': 2880, 'cross_orbits': 736, 'nodes': 44, 'terminal_histogram': {'ti': 34, 'collision': 10}, 'unrecognized': [], 'seconds': 0.19740750000346452} elapsed 119.26
{'rank': 4, 'orbit': 151, 'complete': True, 'cross_bijections': 864, 'cross_orbits': 864, 'nodes': 47, 'terminal_histogram': {'ti': 47}, 'unrecognized': [], 'seconds': 0.24291483301203698} elapsed 119.62
{'rank': 4, 'orbit': 152, 'complete': True, 'cross_bijections': 864, 'cross_orbits': 224, 'nodes': 32, 'terminal_histogram': {'ti': 24, 'collision': 8}, 'unrecognized': [], 'seconds': 0.06766724993940443} elapsed 119.72
{'rank': 4, 'orbit': 153, 'complete': True, 'cross_bijections': 3456, 'cross_orbits': 3456, 'nodes': 100, 'terminal_histogram': {'ti': 100}, 'unrecognized': [], 'seconds': 0.9210708340397105} elapsed 121.06
{'rank': 4, 'orbit': 154, 'complete': True, 'cross_bijections': 48, 'cross_orbits': 48, 'nodes': 20, 'terminal_histogram': {'ti': 20}, 'unrecognized': [], 'seconds': 0.019930000067688525} elapsed 121.1
{'rank': 4, 'orbit': 155, 'complete': True, 'cross_bijections': 172800, 'cross_orbits': 43264, 'nodes': 325, 'terminal_histogram': {'ti': 262, 'collision': 45, 'branch': 7, 'homometric': 11}, 'unrecognized': [], 'seconds': 11.059994208044372} elapsed 137.41
{'rank': 4, 'orbit': 156, 'complete': True, 'cross_bijections': 192, 'cross_orbits': 192, 'nodes': 26, 'terminal_histogram': {'ti': 26}, 'unrecognized': [], 'seconds': 0.058497500023804605} elapsed 137.52
{'rank': 4, 'orbit': 157, 'complete': True, 'cross_bijections': 288, 'cross_orbits': 288, 'nodes': 34, 'terminal_histogram': {'ti': 34}, 'unrecognized': [], 'seconds': 0.0849017919972539} elapsed 137.65
{'rank': 4, 'orbit': 158, 'complete': True, 'cross_bijections': 48, 'cross_orbits': 48, 'nodes': 20, 'terminal_histogram': {'ti': 20}, 'unrecognized': [], 'seconds': 0.020115040941163898} elapsed 137.68
{'rank': 4, 'orbit': 159, 'complete': True, 'cross_bijections': 32, 'cross_orbits': 32, 'nodes': 16, 'terminal_histogram': {'ti': 16}, 'unrecognized': [], 'seconds': 0.01433129096403718} elapsed 137.71
{'rank': 4, 'orbit': 160, 'complete': True, 'cross_bijections': 64, 'cross_orbits': 64, 'nodes': 20, 'terminal_histogram': {'ti': 20}, 'unrecognized': [], 'seconds': 0.0242025830084458} elapsed 137.75
{'rank': 4, 'orbit': 161, 'complete': True, 'cross_bijections': 32, 'cross_orbits': 32, 'nodes': 16, 'terminal_histogram': {'ti': 16}, 'unrecognized': [], 'seconds': 0.014538958086632192} elapsed 137.77
{'rank': 4, 'orbit': 162, 'complete': True, 'cross_bijections': 576, 'cross_orbits': 160, 'nodes': 32, 'terminal_histogram': {'ti': 24, 'collision': 8}, 'unrecognized': [], 'seconds': 0.052407791023142636} elapsed 137.86
{'rank': 4, 'orbit': 163, 'complete': True, 'cross_bijections': 6912, 'cross_orbits': 1920, 'nodes': 134, 'terminal_histogram': {'ti': 98, 'collision': 28, 'homometric': 6, 'branch': 2}, 'unrecognized': [], 'seconds': 0.5239408330526203} elapsed 138.65
{'rank': 4, 'orbit': 164, 'complete': True, 'cross_bijections': 288, 'cross_orbits': 80, 'nodes': 18, 'terminal_histogram': {'ti': 10, 'collision': 8}, 'unrecognized': [], 'seconds': 0.02527058299165219} elapsed 138.69
{'rank': 4, 'orbit': 165, 'complete': True, 'cross_bijections': 576, 'cross_orbits': 160, 'nodes': 26, 'terminal_histogram': {'ti': 18, 'collision': 8}, 'unrecognized': [], 'seconds': 0.04801679193042219} elapsed 138.77
{'rank': 4, 'orbit': 166, 'complete': True, 'cross_bijections': 384, 'cross_orbits': 128, 'nodes': 24, 'terminal_histogram': {'ti': 16, 'collision': 8}, 'unrecognized': [], 'seconds': 0.04017745901364833} elapsed 138.83
{'rank': 4, 'orbit': 167, 'complete': True, 'cross_bijections': 16, 'cross_orbits': 16, 'nodes': 16, 'terminal_histogram': {'ti': 16}, 'unrecognized': [], 'seconds': 0.01086512510664761} elapsed 138.85
{'rank': 4, 'orbit': 168, 'complete': True, 'cross_bijections': 16, 'cross_orbits': 16, 'nodes': 16, 'terminal_histogram': {'ti': 16}, 'unrecognized': [], 'seconds': 0.010880707995966077} elapsed 138.87
{'rank': 4, 'orbit': 169, 'complete': True, 'cross_bijections': 32, 'cross_orbits': 32, 'nodes': 16, 'terminal_histogram': {'ti': 16}, 'unrecognized': [], 'seconds': 0.01446962496265769} elapsed 138.9
{'rank': 4, 'orbit': 170, 'complete': True, 'cross_bijections': 32, 'cross_orbits': 32, 'nodes': 16, 'terminal_histogram': {'ti': 16}, 'unrecognized': [], 'seconds': 0.014547041966579854} elapsed 138.92
{'rank': 4, 'orbit': 171, 'complete': True, 'cross_bijections': 16, 'cross_orbits': 16, 'nodes': 16, 'terminal_histogram': {'ti': 16}, 'unrecognized': [], 'seconds': 0.011298207915388048} elapsed 138.94
{'rank': 4, 'orbit': 172, 'complete': True, 'cross_bijections': 1296, 'cross_orbits': 328, 'nodes': 23, 'terminal_histogram': {'ti': 15, 'collision': 8}, 'unrecognized': [], 'seconds': 0.08784891699906439} elapsed 139.08
{'rank': 4, 'orbit': 173, 'complete': True, 'cross_bijections': 40320, 'cross_orbits': 94, 'nodes': 248, 'terminal_histogram': {'ti': 70, 'collision': 87, 'branch': 60, 'homometric': 31}, 'unrecognized': [], 'seconds': 0.16418437496758997} elapsed 139.48
{'rank': 4, 'orbit': 174, 'complete': True, 'cross_bijections': 96, 'cross_orbits': 96, 'nodes': 26, 'terminal_histogram': {'ti': 26}, 'unrecognized': [], 'seconds': 0.034858833998441696} elapsed 139.53
{'rank': 4, 'orbit': 175, 'complete': True, 'cross_bijections': 96, 'cross_orbits': 96, 'nodes': 20, 'terminal_histogram': {'ti': 20}, 'unrecognized': [], 'seconds': 0.031203540973365307} elapsed 139.58
{'rank': 4, 'orbit': 176, 'complete': True, 'cross_bijections': 576, 'cross_orbits': 576, 'nodes': 64, 'terminal_histogram': {'ti': 64}, 'unrecognized': [], 'seconds': 0.17108424997422844} elapsed 139.84
{'rank': 4, 'orbit': 177, 'complete': True, 'cross_bijections': 32, 'cross_orbits': 32, 'nodes': 16, 'terminal_histogram': {'ti': 16}, 'unrecognized': [], 'seconds': 0.014260416035540402} elapsed 139.87
{'rank': 4, 'orbit': 178, 'complete': True, 'cross_bijections': 1728, 'cross_orbits': 448, 'nodes': 36, 'terminal_histogram': {'ti': 28, 'collision': 8}, 'unrecognized': [], 'seconds': 0.12281866697594523} elapsed 140.06
{'rank': 4, 'orbit': 179, 'complete': True, 'cross_bijections': 864, 'cross_orbits': 224, 'nodes': 20, 'terminal_histogram': {'ti': 12, 'collision': 8}, 'unrecognized': [], 'seconds': 0.059383916086517274} elapsed 140.15
{'rank': 4, 'orbit': 180, 'complete': True, 'cross_bijections': 96, 'cross_orbits': 96, 'nodes': 20, 'terminal_histogram': {'ti': 20}, 'unrecognized': [], 'seconds': 0.03230716707184911} elapsed 140.2
{'rank': 4, 'orbit': 181, 'complete': True, 'cross_bijections': 288, 'cross_orbits': 288, 'nodes': 26, 'terminal_histogram': {'ti': 26}, 'unrecognized': [], 'seconds': 0.08098358300048858} elapsed 140.33
{'rank': 4, 'orbit': 182, 'complete': True, 'cross_bijections': 48, 'cross_orbits': 48, 'nodes': 20, 'terminal_histogram': {'ti': 20}, 'unrecognized': [], 'seconds': 0.01986333297099918} elapsed 140.36
{'rank': 4, 'orbit': 183, 'complete': True, 'cross_bijections': 96, 'cross_orbits': 96, 'nodes': 20, 'terminal_histogram': {'ti': 20}, 'unrecognized': [], 'seconds': 0.03184883308131248} elapsed 140.41
{'rank': 4, 'orbit': 184, 'complete': True, 'cross_bijections': 192, 'cross_orbits': 192, 'nodes': 26, 'terminal_histogram': {'ti': 26}, 'unrecognized': [], 'seconds': 0.0582237500930205} elapsed 140.5
{'rank': 4, 'orbit': 185, 'complete': True, 'cross_bijections': 192, 'cross_orbits': 192, 'nodes': 20, 'terminal_histogram': {'ti': 20}, 'unrecognized': [], 'seconds': 0.054658666951581836} elapsed 140.58
{'rank': 4, 'orbit': 186, 'complete': True, 'cross_bijections': 64, 'cross_orbits': 64, 'nodes': 16, 'terminal_histogram': {'ti': 16}, 'unrecognized': [], 'seconds': 0.02228045801166445} elapsed 140.62
{'rank': 4, 'orbit': 187, 'complete': True, 'cross_bijections': 96, 'cross_orbits': 96, 'nodes': 20, 'terminal_histogram': {'ti': 20}, 'unrecognized': [], 'seconds': 0.03127099992707372} elapsed 140.67
{'rank': 4, 'orbit': 188, 'complete': True, 'cross_bijections': 16, 'cross_orbits': 16, 'nodes': 16, 'terminal_histogram': {'ti': 16}, 'unrecognized': [], 'seconds': 0.011054207920096815} elapsed 140.69
{'rank': 4, 'orbit': 189, 'complete': True, 'cross_bijections': 32, 'cross_orbits': 32, 'nodes': 16, 'terminal_histogram': {'ti': 16}, 'unrecognized': [], 'seconds': 0.014521416975185275} elapsed 140.72
{'rank': 4, 'orbit': 190, 'complete': True, 'cross_bijections': 32, 'cross_orbits': 32, 'nodes': 16, 'terminal_histogram': {'ti': 16}, 'unrecognized': [], 'seconds': 0.014366167015396059} elapsed 140.74
{'rank': 4, 'orbit': 191, 'complete': True, 'cross_bijections': 192, 'cross_orbits': 192, 'nodes': 26, 'terminal_histogram': {'ti': 26}, 'unrecognized': [], 'seconds': 0.056878792005591094} elapsed 140.83
{'rank': 4, 'orbit': 192, 'complete': True, 'cross_bijections': 32, 'cross_orbits': 32, 'nodes': 16, 'terminal_histogram': {'ti': 16}, 'unrecognized': [], 'seconds': 0.014675042009912431} elapsed 140.86
{'rank': 4, 'orbit': 193, 'complete': True, 'cross_bijections': 96, 'cross_orbits': 96, 'nodes': 20, 'terminal_histogram': {'ti': 20}, 'unrecognized': [], 'seconds': 0.03147758299019188} elapsed 140.91
{'rank': 4, 'orbit': 194, 'complete': True, 'cross_bijections': 32, 'cross_orbits': 32, 'nodes': 16, 'terminal_histogram': {'ti': 16}, 'unrecognized': [], 'seconds': 0.014524166006594896} elapsed 140.93
{'rank': 4, 'orbit': 195, 'complete': True, 'cross_bijections': 48, 'cross_orbits': 48, 'nodes': 20, 'terminal_histogram': {'ti': 20}, 'unrecognized': [], 'seconds': 0.019794416963122785} elapsed 140.97
{'rank': 4, 'orbit': 196, 'complete': True, 'cross_bijections': 16, 'cross_orbits': 16, 'nodes': 16, 'terminal_histogram': {'ti': 16}, 'unrecognized': [], 'seconds': 0.010693041956983507} elapsed 140.99
{'rank': 4, 'orbit': 197, 'complete': True, 'cross_bijections': 48, 'cross_orbits': 48, 'nodes': 20, 'terminal_histogram': {'ti': 20}, 'unrecognized': [], 'seconds': 0.019644416053779423} elapsed 141.02
{'rank': 4, 'orbit': 198, 'complete': True, 'cross_bijections': 48, 'cross_orbits': 48, 'nodes': 20, 'terminal_histogram': {'ti': 20}, 'unrecognized': [], 'seconds': 0.020308249979279935} elapsed 141.05
{'rank': 4, 'orbit': 199, 'complete': True, 'cross_bijections': 16, 'cross_orbits': 16, 'nodes': 16, 'terminal_histogram': {'ti': 16}, 'unrecognized': [], 'seconds': 0.010643042041920125} elapsed 141.07
{'rank': 4, 'orbit': 200, 'complete': True, 'cross_bijections': 32, 'cross_orbits': 32, 'nodes': 16, 'terminal_histogram': {'ti': 16}, 'unrecognized': [], 'seconds': 0.014265417004935443} elapsed 141.1
{'rank': 4, 'orbit': 201, 'complete': True, 'cross_bijections': 16, 'cross_orbits': 16, 'nodes': 16, 'terminal_histogram': {'ti': 16}, 'unrecognized': [], 'seconds': 0.01076241594273597} elapsed 141.12
{'rank': 4, 'orbit': 202, 'complete': True, 'cross_bijections': 32, 'cross_orbits': 32, 'nodes': 16, 'terminal_histogram': {'ti': 16}, 'unrecognized': [], 'seconds': 0.01528891606722027} elapsed 141.15
{'rank': 4, 'orbit': 203, 'complete': True, 'cross_bijections': 16, 'cross_orbits': 16, 'nodes': 16, 'terminal_histogram': {'ti': 16}, 'unrecognized': [], 'seconds': 0.010674291057512164} elapsed 141.17
{'rank': 4, 'orbit': 204, 'complete': True, 'cross_bijections': 16, 'cross_orbits': 16, 'nodes': 16, 'terminal_histogram': {'ti': 16}, 'unrecognized': [], 'seconds': 0.010892166988924146} elapsed 141.19
{'rank': 4, 'orbit': 205, 'complete': True, 'cross_bijections': 32, 'cross_orbits': 32, 'nodes': 16, 'terminal_histogram': {'ti': 16}, 'unrecognized': [], 'seconds': 0.014728374895639718} elapsed 141.21
{'rank': 4, 'orbit': 206, 'complete': True, 'cross_bijections': 16, 'cross_orbits': 16, 'nodes': 16, 'terminal_histogram': {'ti': 16}, 'unrecognized': [], 'seconds': 0.010815666988492012} elapsed 141.23
{'rank': 4, 'orbit': 207, 'complete': True, 'cross_bijections': 96, 'cross_orbits': 96, 'nodes': 20, 'terminal_histogram': {'ti': 20}, 'unrecognized': [], 'seconds': 0.031365167000330985} elapsed 141.28
{'rank': 4, 'orbit': 208, 'complete': True, 'cross_bijections': 32, 'cross_orbits': 32, 'nodes': 16, 'terminal_histogram': {'ti': 16}, 'unrecognized': [], 'seconds': 0.01478945801500231} elapsed 141.31
{'rank': 4, 'orbit': 209, 'complete': True, 'cross_bijections': 64, 'cross_orbits': 64, 'nodes': 16, 'terminal_histogram': {'ti': 16}, 'unrecognized': [], 'seconds': 0.022362582967616618} elapsed 141.35
{'rank': 4, 'orbit': 210, 'complete': True, 'cross_bijections': 32, 'cross_orbits': 32, 'nodes': 16, 'terminal_histogram': {'ti': 16}, 'unrecognized': [], 'seconds': 0.014775500050745904} elapsed 141.37
DONE 315 incomplete [] unrecognized 29
