{'status': 'EXPLORATORY until independent span and matching completeness audit', 'directions': 120, 'spans': 4176, 'total_orbit_matchings': 14475, 'seconds': 0.15772500005550683}
{'index': 0, 'rows': (), 'size': 1, 'heights': (0, 1, 3, 9, 27, 81), 'matching_count': 1, 'distance_multiplicities': [1, 1, 1, 1, 1, 1, 1, 1, 1, 1, 1, 1, 1, 1, 1], 'distinct_heights': 6}
{'index': 1, 'rows': ((0, 0, 0, 0, 1, -1),), 'size': 15, 'heights': (0, 1, 3, 9, 27, 27), 'matching_count': 32, 'distance_multiplicities': [1, 1, 1, 1, 1, 1, 1, 2, 2, 2, 2], 'distinct_heights': 5}
{'index': 2, 'rows': ((0, 0, 0, 1, -2, 1),), 'size': 60, 'heights': (0, 1, 4, -32, 16, 64), 'matching_count': 2, 'distance_multiplicities': [1, 1, 1, 1, 1, 1, 1, 1, 1, 2, 1, 1, 1, 1], 'distinct_heights': 6}
{'index': 3, 'rows': ((0, 0, 1, -1, -1, 1),), 'size': 45, 'heights': (0, 1, -15, 3, 9, 27), 'matching_count': 4, 'distance_multiplicities': [1, 1, 1, 1, 1, 1, 1, 1, 2, 2, 1, 1, 1], 'distinct_heights': 6}
{'index': 4, 'rows': ((0, 0, 0, 1, 0, -1), (0, 0, 0, 0, 1, -1)), 'size': 20, 'heights': (0, 1, 3, 9, 9, 9), 'matching_count': 10368, 'distance_multiplicities': [3, 1, 1, 1, 3, 3, 3], 'distinct_heights': 4}
{'index': 5, 'rows': ((0, 0, 1, -2, 0, 1), (0, 0, 0, 0, 1, -1)), 'size': 180, 'heights': (0, 1, -8, 4, 16, 16), 'matching_count': 96, 'distance_multiplicities': [1, 1, 1, 1, 1, 1, 3, 2, 2, 2], 'distinct_heights': 5}
{'index': 6, 'rows': ((0, 0, 1, -1, 0, 0), (0, 0, 0, 0, 1, -1)), 'size': 45, 'heights': (0, 1, 3, 3, 9, 9), 'matching_count': 3072, 'distance_multiplicities': [2, 1, 2, 2, 4, 2, 2], 'distinct_heights': 4}
{'index': 7, 'rows': ((0, 0, 1, 0, -4, 3), (0, 0, 0, 1, -2, 1)), 'size': 360, 'heights': (0, 1, -32, -8, 4, 16), 'matching_count': 4, 'distance_multiplicities': [1, 1, 1, 1, 1, 2, 1, 1, 2, 1, 1, 1, 1], 'distinct_heights': 6}
{'index': 8, 'rows': ((0, 0, 1, 0, -3, 2), (0, 0, 0, 1, -2, 1)), 'size': 180, 'heights': (0, 1, -20, -8, 4, 16), 'matching_count': 12, 'distance_multiplicities': [1, 1, 1, 1, 1, 3, 1, 1, 1, 1, 2, 1], 'distinct_heights': 6}
{'index': 9, 'rows': ((0, 0, 1, 0, -2, 1), (0, 0, 0, 1, -1, 0)), 'size': 90, 'heights': (0, 1, -8, 4, 4, 16), 'matching_count': 192, 'distance_multiplicities': [1, 1, 2, 2, 1, 1, 4, 1, 1, 1], 'distinct_heights': 5}
{'index': 10, 'rows': ((0, 1, -2, 0, -1, 2), (0, 0, 0, 1, 1, -2)), 'size': 360, 'heights': (0, -13, 1, 15, 3, 9), 'matching_count': 4, 'distance_multiplicities': [1, 1, 1, 2, 1, 1, 1, 1, 2, 1, 1, 1, 1], 'distinct_heights': 6}
{'index': 11, 'rows': ((0, 1, -2, 0, 0, 1), (0, 0, 0, 1, -1, 0)), 'size': 180, 'heights': (0, -7, 1, 3, 3, 9), 'matching_count': 64, 'distance_multiplicities': [1, 1, 2, 2, 2, 1, 2, 1, 2, 1], 'distinct_heights': 5}
{'index': 12, 'rows': ((0, 1, -2, 0, 0, 1), (0, 0, 0, 1, 1, -2)), 'size': 360, 'heights': (0, -7, 1, 15, 3, 9), 'matching_count': 4, 'distance_multiplicities': [1, 1, 1, 2, 1, 2, 1, 1, 1, 1, 1, 1, 1], 'distinct_heights': 6}
{'index': 13, 'rows': ((0, 1, -1, -1, 0, 1), (0, 0, 0, 0, 1, -1)), 'size': 180, 'heights': (0, -5, 1, 3, 9, 9), 'matching_count': 288, 'distance_multiplicities': [1, 1, 1, 1, 1, 3, 3, 2, 2], 'distinct_heights': 5}
{'index': 14, 'rows': ((0, 1, -1, 0, -2, 2), (0, 0, 0, 1, -2, 1)), 'size': 360, 'heights': (0, -23, 1, -8, 4, 16), 'matching_count': 8, 'distance_multiplicities': [1, 1, 1, 1, 1, 2, 2, 1, 1, 2, 1, 1], 'distinct_heights': 6}
{'index': 15, 'rows': ((0, 1, -1, 0, -1, 1), (0, 0, 0, 1, -2, 1)), 'size': 360, 'heights': (0, -11, 1, -8, 4, 16), 'matching_count': 24, 'distance_multiplicities': [1, 2, 1, 1, 1, 1, 3, 2, 1, 1, 1], 'distinct_heights': 6}
{'index': 16, 'rows': ((0, 1, 0, -3, 1, 1), (0, 0, 1, -2, 0, 1)), 'size': 360, 'heights': (0, -17, -14, 1, 4, 16), 'matching_count': 8, 'distance_multiplicities': [1, 2, 1, 1, 1, 2, 1, 1, 2, 1, 1, 1], 'distinct_heights': 6}
{'index': 17, 'rows': ((0, 1, 0, -2, 0, 1), (0, 0, 1, -2, 1, 0)), 'size': 90, 'heights': (0, -14, -2, 1, 4, 16), 'matching_count': 16, 'distance_multiplicities': [1, 1, 2, 1, 1, 2, 1, 2, 1, 2, 1], 'distinct_heights': 6}
{'index': 18, 'rows': ((1, -2, 0, -1, 1, 1), (0, 0, 1, 1, -1, -1)), 'size': 360, 'heights': (0, 11, 22, 2, 6, 18), 'matching_count': 8, 'distance_multiplicities': [1, 2, 1, 1, 1, 1, 2, 1, 2, 1, 1, 1], 'distinct_heights': 6}
{'index': 19, 'rows': ((1, -2, 0, 0, 0, 1), (0, 0, 1, -2, 1, 0)), 'size': 90, 'heights': (0, 25, -6, 2, 10, 50), 'matching_count': 4, 'distance_multiplicities': [1, 1, 2, 1, 1, 1, 1, 2, 1, 1, 1, 1, 1], 'distinct_heights': 6}
{'index': 20, 'rows': ((1, -1, -1, 0, 0, 1), (0, 0, 0, 1, -1, 0)), 'size': 45, 'heights': (0, 8, 1, 3, 3, 9), 'matching_count': 128, 'distance_multiplicities': [1, 2, 2, 2, 2, 2, 1, 2, 1], 'distinct_heights': 5}
{'index': 21, 'rows': ((1, -1, -1, 0, 0, 1), (0, 0, 0, 1, 1, -2)), 'size': 180, 'heights': (0, 15, 1, 28, 4, 16), 'matching_count': 8, 'distance_multiplicities': [2, 1, 1, 1, 2, 1, 1, 2, 1, 1, 1, 1], 'distinct_heights': 6}
{'index': 22, 'rows': ((1, -1, 0, -2, 1, 1), (0, 0, 1, 1, -1, -1)), 'size': 180, 'heights': (0, 18, 19, 1, 4, 16), 'matching_count': 16, 'distance_multiplicities': [2, 1, 2, 1, 1, 1, 2, 1, 1, 2, 1], 'distinct_heights': 6}
{'index': 23, 'rows': ((1, -1, 0, -1, 0, 1), (0, 0, 1, -1, -1, 1)), 'size': 60, 'heights': (0, 8, -5, 1, 3, 9), 'matching_count': 48, 'distance_multiplicities': [2, 1, 1, 2, 2, 1, 3, 1, 1, 1], 'distinct_heights': 6}
{'index': 24, 'rows': ((1, 0, -1, -1, 0, 1), (0, 1, -1, -1, 1, 0)), 'size': 15, 'heights': (0, 12, 15, 1, 4, 16), 'matching_count': 64, 'distance_multiplicities': [2, 2, 2, 1, 2, 2, 1, 2, 1], 'distinct_heights': 6}
orbit 0 {'trivial': 1} 0.0
orbit 1 {'trivial': 4, 'collision': 28} 0.04
orbit 2 {'trivial': 2} 0.05
orbit 3 {'trivial': 4} 0.06
presentations 1000 {'trivial': 22, 'collision': 978} seconds 1.1
presentations 2000 {'trivial': 29, 'collision': 1971} seconds 2.16
presentations 3000 {'trivial': 40, 'collision': 2960} seconds 3.24
presentations 4000 {'trivial': 50, 'collision': 3950} seconds 4.32
presentations 5000 {'trivial': 57, 'collision': 4943} seconds 5.41
presentations 6000 {'trivial': 65, 'collision': 5935} seconds 6.48
presentations 7000 {'trivial': 75, 'collision': 6925} seconds 7.56
presentations 8000 {'trivial': 87, 'collision': 7913} seconds 8.65
presentations 9000 {'trivial': 94, 'collision': 8906} seconds 9.73
presentations 10000 {'trivial': 101, 'collision': 9899} seconds 10.83
orbit 4 {'trivial': 96, 'collision': 10272} 11.33
orbit 5 {'trivial': 12, 'collision': 84} 11.45
presentations 11000 {'trivial': 143, 'collision': 10857} seconds 12.0
presentations 12000 {'trivial': 180, 'collision': 11820} seconds 13.12
presentations 13000 {'trivial': 223, 'collision': 12777} seconds 14.24
orbit 6 {'trivial': 128, 'collision': 2944} 14.9
orbit 7 {'trivial': 4} 14.91
orbit 8 {'trivial': 12} 14.94
orbit 9 {'trivial': 28, 'collision': 164} 15.19
orbit 10 {'trivial': 4} 15.2
orbit 11 {'trivial': 8, 'collision': 56} 15.27
orbit 12 {'trivial': 4} 15.28
presentations 14000 {'trivial': 322, 'collision': 13678} seconds 15.45
orbit 13 {'trivial': 28, 'collision': 260} 15.62
orbit 14 {'trivial': 8} 15.64
orbit 15 {'trivial': 24} 15.7
orbit 16 {'trivial': 8} 15.71
orbit 17 {'trivial': 16} 15.75
orbit 18 {'trivial': 8} 15.77
orbit 19 {'trivial': 4} 15.78
orbit 20 {'trivial': 16, 'collision': 108, 'block': 4} 15.94
orbit 21 {'trivial': 8} 15.96
orbit 22 {'trivial': 16} 16.0
orbit 23 {'trivial': 48} 16.11
orbit 24 {'trivial': 64} 16.26
{'status': 'COMPUTED-UNVALIDATED until independent exhaustive audit and proof review', 'counts': {'trivial': 555, 'collision': 13916, 'block': 4}, 'orbits': 25, 'seconds': 16.257270875037648}
