p=13 start exact parameter candidates=169
p=13 rows=1/13 pairs=0 seconds=0.000
p=13 rows=2/13 pairs=1 seconds=0.000
p=13 rows=3/13 pairs=2 seconds=0.000
p=13 rows=4/13 pairs=2 seconds=0.000
p=13 rows=5/13 pairs=2 seconds=0.000
p=13 rows=6/13 pairs=2 seconds=0.000
p=13 rows=7/13 pairs=2 seconds=0.000
p=13 rows=8/13 pairs=2 seconds=0.000
p=13 rows=9/13 pairs=2 seconds=0.000
p=13 rows=10/13 pairs=2 seconds=0.000
p=13 rows=11/13 pairs=2 seconds=0.000
p=13 rows=12/13 pairs=2 seconds=0.000
p=13 rows=13/13 pairs=2 seconds=0.000
{"admissible_parameters": 24, "collision_parameters": 145, "congruent_parameters": 0, "fiber_histogram": {"12": 2}, "non12_fibers": 0, "p": 13, "pairs": 2, "parameters": 169, "proposed_count_denominator": 12, "proposed_count_numerator": 24, "seconds": 0.000489, "six_distinct_parameters": 24}
p=17 start exact parameter candidates=289
p=17 rows=1/17 pairs=0 seconds=0.000
p=17 rows=2/17 pairs=3 seconds=0.000
p=17 rows=3/17 pairs=6 seconds=0.000
p=17 rows=4/17 pairs=7 seconds=0.000
p=17 rows=5/17 pairs=8 seconds=0.000
p=17 rows=6/17 pairs=8 seconds=0.000
p=17 rows=7/17 pairs=8 seconds=0.000
p=17 rows=8/17 pairs=8 seconds=0.000
p=17 rows=9/17 pairs=8 seconds=0.001
p=17 rows=10/17 pairs=8 seconds=0.001
p=17 rows=11/17 pairs=8 seconds=0.001
p=17 rows=12/17 pairs=8 seconds=0.001
p=17 rows=13/17 pairs=8 seconds=0.001
p=17 rows=14/17 pairs=8 seconds=0.001
p=17 rows=15/17 pairs=8 seconds=0.001
p=17 rows=16/17 pairs=8 seconds=0.001
p=17 rows=17/17 pairs=8 seconds=0.001
{"admissible_parameters": 96, "collision_parameters": 193, "congruent_parameters": 0, "fiber_histogram": {"12": 8}, "non12_fibers": 0, "p": 17, "pairs": 8, "parameters": 289, "proposed_count_denominator": 12, "proposed_count_numerator": 96, "seconds": 0.001007, "six_distinct_parameters": 96}
p=19 start exact parameter candidates=361
p=19 rows=1/19 pairs=0 seconds=0.000
p=19 rows=2/19 pairs=4 seconds=0.000
p=19 rows=3/19 pairs=8 seconds=0.000
p=19 rows=4/19 pairs=10 seconds=0.000
p=19 rows=5/19 pairs=11 seconds=0.000
p=19 rows=6/19 pairs=12 seconds=0.000
p=19 rows=7/19 pairs=12 seconds=0.001
p=19 rows=8/19 pairs=12 seconds=0.001
p=19 rows=9/19 pairs=12 seconds=0.001
p=19 rows=10/19 pairs=12 seconds=0.001
p=19 rows=11/19 pairs=12 seconds=0.001
p=19 rows=12/19 pairs=12 seconds=0.001
p=19 rows=13/19 pairs=12 seconds=0.001
p=19 rows=14/19 pairs=12 seconds=0.001
p=19 rows=15/19 pairs=12 seconds=0.001
p=19 rows=16/19 pairs=12 seconds=0.001
p=19 rows=17/19 pairs=12 seconds=0.001
p=19 rows=18/19 pairs=12 seconds=0.001
p=19 rows=19/19 pairs=12 seconds=0.001
{"admissible_parameters": 144, "collision_parameters": 217, "congruent_parameters": 0, "fiber_histogram": {"12": 12}, "non12_fibers": 0, "p": 19, "pairs": 12, "parameters": 361, "proposed_count_denominator": 12, "proposed_count_numerator": 144, "seconds": 0.00141, "six_distinct_parameters": 144}
p=23 start exact parameter candidates=529
p=23 rows=2/23 pairs=6 seconds=0.000
p=23 rows=4/23 pairs=16 seconds=0.000
p=23 rows=6/23 pairs=20 seconds=0.001
p=23 rows=8/23 pairs=22 seconds=0.001
p=23 rows=10/23 pairs=22 seconds=0.001
p=23 rows=12/23 pairs=22 seconds=0.001
p=23 rows=14/23 pairs=22 seconds=0.001
p=23 rows=16/23 pairs=22 seconds=0.002
p=23 rows=18/23 pairs=22 seconds=0.002
p=23 rows=20/23 pairs=22 seconds=0.002
p=23 rows=22/23 pairs=22 seconds=0.002
p=23 rows=23/23 pairs=22 seconds=0.002
{"admissible_parameters": 264, "collision_parameters": 265, "congruent_parameters": 0, "fiber_histogram": {"12": 22}, "non12_fibers": 0, "p": 23, "pairs": 22, "parameters": 529, "proposed_count_denominator": 12, "proposed_count_numerator": 264, "seconds": 0.002549, "six_distinct_parameters": 264}
p=29 start exact parameter candidates=841
p=29 rows=2/29 pairs=9 seconds=0.000
p=29 rows=4/29 pairs=25 seconds=0.001
p=29 rows=6/29 pairs=34 seconds=0.001
p=29 rows=8/29 pairs=40 seconds=0.001
p=29 rows=10/29 pairs=42 seconds=0.001
p=29 rows=12/29 pairs=42 seconds=0.002
p=29 rows=14/29 pairs=42 seconds=0.002
p=29 rows=16/29 pairs=42 seconds=0.002
p=29 rows=18/29 pairs=42 seconds=0.002
p=29 rows=20/29 pairs=42 seconds=0.003
p=29 rows=22/29 pairs=42 seconds=0.003
p=29 rows=24/29 pairs=42 seconds=0.003
p=29 rows=26/29 pairs=42 seconds=0.003
p=29 rows=28/29 pairs=42 seconds=0.004
p=29 rows=29/29 pairs=42 seconds=0.004
{"admissible_parameters": 504, "collision_parameters": 337, "congruent_parameters": 0, "fiber_histogram": {"12": 42}, "non12_fibers": 0, "p": 29, "pairs": 42, "parameters": 841, "proposed_count_denominator": 12, "proposed_count_numerator": 504, "seconds": 0.003729, "six_distinct_parameters": 504}
p=31 start exact parameter candidates=961
p=31 rows=3/31 pairs=20 seconds=0.000
p=31 rows=6/31 pairs=39 seconds=0.001
p=31 rows=9/31 pairs=49 seconds=0.001
p=31 rows=12/31 pairs=50 seconds=0.002
p=31 rows=15/31 pairs=50 seconds=0.002
p=31 rows=18/31 pairs=50 seconds=0.002
p=31 rows=21/31 pairs=50 seconds=0.003
p=31 rows=24/31 pairs=50 seconds=0.003
p=31 rows=27/31 pairs=50 seconds=0.004
p=31 rows=30/31 pairs=50 seconds=0.004
p=31 rows=31/31 pairs=50 seconds=0.004
{"admissible_parameters": 600, "collision_parameters": 361, "congruent_parameters": 0, "fiber_histogram": {"12": 50}, "non12_fibers": 0, "p": 31, "pairs": 50, "parameters": 961, "proposed_count_denominator": 12, "proposed_count_numerator": 600, "seconds": 0.004417, "six_distinct_parameters": 600}
p=37 start exact parameter candidates=1369
p=37 rows=3/37 pairs=26 seconds=0.001
p=37 rows=6/37 pairs=54 seconds=0.001
p=37 rows=9/37 pairs=71 seconds=0.002
p=37 rows=12/37 pairs=78 seconds=0.002
p=37 rows=15/37 pairs=78 seconds=0.003
p=37 rows=18/37 pairs=78 seconds=0.003
p=37 rows=21/37 pairs=78 seconds=0.004
p=37 rows=24/37 pairs=78 seconds=0.004
p=37 rows=27/37 pairs=78 seconds=0.005
p=37 rows=30/37 pairs=78 seconds=0.005
p=37 rows=33/37 pairs=78 seconds=0.006
p=37 rows=36/37 pairs=78 seconds=0.006
p=37 rows=37/37 pairs=78 seconds=0.006
{"admissible_parameters": 936, "collision_parameters": 433, "congruent_parameters": 0, "fiber_histogram": {"12": 78}, "non12_fibers": 0, "p": 37, "pairs": 78, "parameters": 1369, "proposed_count_denominator": 12, "proposed_count_numerator": 936, "seconds": 0.006601, "six_distinct_parameters": 936}
p=41 start exact parameter candidates=1681
p=41 rows=4/41 pairs=43 seconds=0.001
p=41 rows=8/41 pairs=80 seconds=0.002
p=41 rows=12/41 pairs=98 seconds=0.002
p=41 rows=16/41 pairs=100 seconds=0.003
p=41 rows=20/41 pairs=100 seconds=0.004
p=41 rows=24/41 pairs=100 seconds=0.005
p=41 rows=28/41 pairs=100 seconds=0.005
p=41 rows=32/41 pairs=100 seconds=0.006
p=41 rows=36/41 pairs=100 seconds=0.007
p=41 rows=40/41 pairs=100 seconds=0.008
p=41 rows=41/41 pairs=100 seconds=0.008
{"admissible_parameters": 1200, "collision_parameters": 481, "congruent_parameters": 0, "fiber_histogram": {"12": 100}, "non12_fibers": 0, "p": 41, "pairs": 100, "parameters": 1681, "proposed_count_denominator": 12, "proposed_count_numerator": 1200, "seconds": 0.007911, "six_distinct_parameters": 1200}
p=43 start exact parameter candidates=1849
p=43 rows=4/43 pairs=46 seconds=0.001
p=43 rows=8/43 pairs=87 seconds=0.002
p=43 rows=12/43 pairs=108 seconds=0.002
p=43 rows=16/43 pairs=112 seconds=0.003
p=43 rows=20/43 pairs=112 seconds=0.004
p=43 rows=24/43 pairs=112 seconds=0.005
p=43 rows=28/43 pairs=112 seconds=0.006
p=43 rows=32/43 pairs=112 seconds=0.007
p=43 rows=36/43 pairs=112 seconds=0.007
p=43 rows=40/43 pairs=112 seconds=0.008
p=43 rows=43/43 pairs=112 seconds=0.009
{"admissible_parameters": 1344, "collision_parameters": 505, "congruent_parameters": 0, "fiber_histogram": {"12": 112}, "non12_fibers": 0, "p": 43, "pairs": 112, "parameters": 1849, "proposed_count_denominator": 12, "proposed_count_numerator": 1344, "seconds": 0.009126, "six_distinct_parameters": 1344}
p=13 resumed validated source checkpoint
p=17 resumed validated source checkpoint
p=19 resumed validated source checkpoint
p=23 resumed validated source checkpoint
p=29 resumed validated source checkpoint
p=31 resumed validated source checkpoint
p=37 resumed validated source checkpoint
p=41 resumed validated source checkpoint
p=43 resumed validated source checkpoint
p=47 start exact parameter candidates=2209
p=47 rows=4/47 pairs=52 seconds=0.001
p=47 rows=8/47 pairs=101 seconds=0.003
p=47 rows=12/47 pairs=128 seconds=0.004
p=47 rows=16/47 pairs=138 seconds=0.005
p=47 rows=20/47 pairs=138 seconds=0.006
p=47 rows=24/47 pairs=138 seconds=0.007
p=47 rows=28/47 pairs=138 seconds=0.008
p=47 rows=32/47 pairs=138 seconds=0.009
p=47 rows=36/47 pairs=138 seconds=0.010
p=47 rows=40/47 pairs=138 seconds=0.010
p=47 rows=44/47 pairs=138 seconds=0.011
p=47 rows=47/47 pairs=138 seconds=0.012
{"admissible_parameters": 1656, "collision_parameters": 553, "congruent_parameters": 0, "fiber_histogram": {"12": 138}, "non12_fibers": 0, "p": 47, "pairs": 138, "parameters": 2209, "proposed_count_denominator": 12, "proposed_count_numerator": 1656, "seconds": 0.012349, "six_distinct_parameters": 1656}
p=53 start exact parameter candidates=2809
p=53 rows=5/53 pairs=79 seconds=0.002
p=53 rows=10/53 pairs=144 seconds=0.003
p=53 rows=15/53 pairs=177 seconds=0.004
p=53 rows=20/53 pairs=182 seconds=0.005
p=53 rows=25/53 pairs=182 seconds=0.007
p=53 rows=30/53 pairs=182 seconds=0.008
p=53 rows=35/53 pairs=182 seconds=0.009
p=53 rows=40/53 pairs=182 seconds=0.011
p=53 rows=45/53 pairs=182 seconds=0.012
p=53 rows=50/53 pairs=182 seconds=0.014
p=53 rows=53/53 pairs=182 seconds=0.014
{"admissible_parameters": 2184, "collision_parameters": 625, "congruent_parameters": 0, "fiber_histogram": {"12": 182}, "non12_fibers": 0, "p": 53, "pairs": 182, "parameters": 2809, "proposed_count_denominator": 12, "proposed_count_numerator": 2184, "seconds": 0.014668, "six_distinct_parameters": 2184}
p=59 start exact parameter candidates=3481
p=59 rows=5/59 pairs=91 seconds=0.001
p=59 rows=10/59 pairs=171 seconds=0.003
p=59 rows=15/59 pairs=216 seconds=0.004
p=59 rows=20/59 pairs=232 seconds=0.006
p=59 rows=25/59 pairs=232 seconds=0.007
p=59 rows=30/59 pairs=232 seconds=0.009
p=59 rows=35/59 pairs=232 seconds=0.010
p=59 rows=40/59 pairs=232 seconds=0.012
p=59 rows=45/59 pairs=232 seconds=0.013
p=59 rows=50/59 pairs=232 seconds=0.014
p=59 rows=55/59 pairs=232 seconds=0.016
p=59 rows=59/59 pairs=232 seconds=0.017
{"admissible_parameters": 2784, "collision_parameters": 697, "congruent_parameters": 0, "fiber_histogram": {"12": 232}, "non12_fibers": 0, "p": 59, "pairs": 232, "parameters": 3481, "proposed_count_denominator": 12, "proposed_count_numerator": 2784, "seconds": 0.017451, "six_distinct_parameters": 2784}
p=61 start exact parameter candidates=3721
p=61 rows=6/61 pairs=114 seconds=0.002
p=61 rows=12/61 pairs=203 seconds=0.003
p=61 rows=18/61 pairs=246 seconds=0.005
p=61 rows=24/61 pairs=250 seconds=0.007
p=61 rows=30/61 pairs=250 seconds=0.009
p=61 rows=36/61 pairs=250 seconds=0.010
p=61 rows=42/61 pairs=250 seconds=0.012
p=61 rows=48/61 pairs=250 seconds=0.014
p=61 rows=54/61 pairs=250 seconds=0.016
p=61 rows=60/61 pairs=250 seconds=0.017
p=61 rows=61/61 pairs=250 seconds=0.018
{"admissible_parameters": 3000, "collision_parameters": 721, "congruent_parameters": 0, "fiber_histogram": {"12": 250}, "non12_fibers": 0, "p": 61, "pairs": 250, "parameters": 3721, "proposed_count_denominator": 12, "proposed_count_numerator": 3000, "seconds": 0.018183, "six_distinct_parameters": 3000}
p=67 start exact parameter candidates=4489
p=67 rows=6/67 pairs=129 seconds=0.002
p=67 rows=12/67 pairs=236 seconds=0.004
p=67 rows=18/67 pairs=294 seconds=0.006
p=67 rows=24/67 pairs=308 seconds=0.008
p=67 rows=30/67 pairs=308 seconds=0.010
p=67 rows=36/67 pairs=308 seconds=0.012
p=67 rows=42/67 pairs=308 seconds=0.014
p=67 rows=48/67 pairs=308 seconds=0.016
p=67 rows=54/67 pairs=308 seconds=0.018
p=67 rows=60/67 pairs=308 seconds=0.020
p=67 rows=66/67 pairs=308 seconds=0.022
p=67 rows=67/67 pairs=308 seconds=0.022
{"admissible_parameters": 3696, "collision_parameters": 793, "congruent_parameters": 0, "fiber_histogram": {"12": 308}, "non12_fibers": 0, "p": 67, "pairs": 308, "parameters": 4489, "proposed_count_denominator": 12, "proposed_count_numerator": 3696, "seconds": 0.022725, "six_distinct_parameters": 3696}
p=71 start exact parameter candidates=5041
p=71 rows=7/71 pairs=164 seconds=0.002
p=71 rows=14/71 pairs=286 seconds=0.005
p=71 rows=21/71 pairs=345 seconds=0.007
p=71 rows=28/71 pairs=350 seconds=0.010
p=71 rows=35/71 pairs=350 seconds=0.012
p=71 rows=42/71 pairs=350 seconds=0.015
p=71 rows=49/71 pairs=350 seconds=0.017
p=71 rows=56/71 pairs=350 seconds=0.019
p=71 rows=63/71 pairs=350 seconds=0.022
p=71 rows=70/71 pairs=350 seconds=0.024
p=71 rows=71/71 pairs=350 seconds=0.025
{"admissible_parameters": 4200, "collision_parameters": 841, "congruent_parameters": 0, "fiber_histogram": {"12": 350}, "non12_fibers": 0, "p": 71, "pairs": 350, "parameters": 5041, "proposed_count_denominator": 12, "proposed_count_numerator": 4200, "seconds": 0.025443, "six_distinct_parameters": 4200}
p=73 start exact parameter candidates=5329
p=73 rows=7/73 pairs=170 seconds=0.002
p=73 rows=14/73 pairs=299 seconds=0.005
p=73 rows=21/73 pairs=364 seconds=0.007
p=73 rows=28/73 pairs=372 seconds=0.010
p=73 rows=35/73 pairs=372 seconds=0.013
p=73 rows=42/73 pairs=372 seconds=0.015
p=73 rows=49/73 pairs=372 seconds=0.018
p=73 rows=56/73 pairs=372 seconds=0.020
p=73 rows=63/73 pairs=372 seconds=0.023
p=73 rows=70/73 pairs=372 seconds=0.026
p=73 rows=73/73 pairs=372 seconds=0.027
{"admissible_parameters": 4464, "collision_parameters": 865, "congruent_parameters": 0, "fiber_histogram": {"12": 372}, "non12_fibers": 0, "p": 73, "pairs": 372, "parameters": 5329, "proposed_count_denominator": 12, "proposed_count_numerator": 4464, "seconds": 0.027091, "six_distinct_parameters": 4464}
p=79 start exact parameter candidates=6241
p=79 rows=7/79 pairs=188 seconds=0.003
p=79 rows=14/79 pairs=338 seconds=0.006
p=79 rows=21/79 pairs=421 seconds=0.008
p=79 rows=28/79 pairs=442 seconds=0.011
p=79 rows=35/79 pairs=442 seconds=0.014
p=79 rows=42/79 pairs=442 seconds=0.017
p=79 rows=49/79 pairs=442 seconds=0.020
p=79 rows=56/79 pairs=442 seconds=0.023
p=79 rows=63/79 pairs=442 seconds=0.026
p=79 rows=70/79 pairs=442 seconds=0.028
p=79 rows=77/79 pairs=442 seconds=0.031
p=79 rows=79/79 pairs=442 seconds=0.032
{"admissible_parameters": 5304, "collision_parameters": 937, "congruent_parameters": 0, "fiber_histogram": {"12": 442}, "non12_fibers": 0, "p": 79, "pairs": 442, "parameters": 6241, "proposed_count_denominator": 12, "proposed_count_numerator": 5304, "seconds": 0.032799, "six_distinct_parameters": 5304}
p=83 start exact parameter candidates=6889
p=83 rows=8/83 pairs=227 seconds=0.003
p=83 rows=16/83 pairs=398 seconds=0.007
p=83 rows=24/83 pairs=482 seconds=0.010
p=83 rows=32/83 pairs=492 seconds=0.013
p=83 rows=40/83 pairs=492 seconds=0.017
p=83 rows=48/83 pairs=492 seconds=0.020
p=83 rows=56/83 pairs=492 seconds=0.023
p=83 rows=64/83 pairs=492 seconds=0.027
p=83 rows=72/83 pairs=492 seconds=0.030
p=83 rows=80/83 pairs=492 seconds=0.035
p=83 rows=83/83 pairs=492 seconds=0.036
{"admissible_parameters": 5904, "collision_parameters": 985, "congruent_parameters": 0, "fiber_histogram": {"12": 492}, "non12_fibers": 0, "p": 83, "pairs": 492, "parameters": 6889, "proposed_count_denominator": 12, "proposed_count_numerator": 5904, "seconds": 0.036374, "six_distinct_parameters": 5904}
p=89 start exact parameter candidates=7921
p=89 rows=8/89 pairs=248 seconds=0.004
p=89 rows=16/89 pairs=443 seconds=0.007
p=89 rows=24/89 pairs=548 seconds=0.011
p=89 rows=32/89 pairs=572 seconds=0.015
p=89 rows=40/89 pairs=572 seconds=0.018
p=89 rows=48/89 pairs=572 seconds=0.022
p=89 rows=56/89 pairs=572 seconds=0.026
p=89 rows=64/89 pairs=572 seconds=0.030
p=89 rows=72/89 pairs=572 seconds=0.033
p=89 rows=80/89 pairs=572 seconds=0.037
p=89 rows=88/89 pairs=572 seconds=0.041
p=89 rows=89/89 pairs=572 seconds=0.041
{"admissible_parameters": 6864, "collision_parameters": 1057, "congruent_parameters": 0, "fiber_histogram": {"12": 572}, "non12_fibers": 0, "p": 89, "pairs": 572, "parameters": 7921, "proposed_count_denominator": 12, "proposed_count_numerator": 6864, "seconds": 0.042147, "six_distinct_parameters": 6864}
p=97 start exact parameter candidates=9409
p=97 rows=9/97 pairs=310 seconds=0.005
p=97 rows=18/97 pairs=544 seconds=0.009
p=97 rows=27/97 pairs=667 seconds=0.014
p=97 rows=36/97 pairs=688 seconds=0.019
p=97 rows=45/97 pairs=688 seconds=0.023
p=97 rows=54/97 pairs=688 seconds=0.028
p=97 rows=63/97 pairs=688 seconds=0.032
p=97 rows=72/97 pairs=688 seconds=0.037
p=97 rows=81/97 pairs=688 seconds=0.041
p=97 rows=90/97 pairs=688 seconds=0.046
p=97 rows=97/97 pairs=688 seconds=0.050
{"admissible_parameters": 8256, "collision_parameters": 1153, "congruent_parameters": 0, "fiber_histogram": {"12": 688}, "non12_fibers": 0, "p": 97, "pairs": 688, "parameters": 9409, "proposed_count_denominator": 12, "proposed_count_numerator": 8256, "seconds": 0.050717, "six_distinct_parameters": 8256}
p=101 start exact parameter candidates=10201
p=101 rows=10/101 pairs=360 seconds=0.006
p=101 rows=20/101 pairs=618 seconds=0.011
p=101 rows=30/101 pairs=740 seconds=0.016
p=101 rows=40/101 pairs=750 seconds=0.022
p=101 rows=50/101 pairs=750 seconds=0.027
p=101 rows=60/101 pairs=750 seconds=0.032
p=101 rows=70/101 pairs=750 seconds=0.038
p=101 rows=80/101 pairs=750 seconds=0.043
p=101 rows=90/101 pairs=750 seconds=0.049
p=101 rows=100/101 pairs=750 seconds=0.054
p=101 rows=101/101 pairs=750 seconds=0.055
{"admissible_parameters": 9000, "collision_parameters": 1201, "congruent_parameters": 0, "fiber_histogram": {"12": 750}, "non12_fibers": 0, "p": 101, "pairs": 750, "parameters": 10201, "proposed_count_denominator": 12, "proposed_count_numerator": 9000, "seconds": 0.055571, "six_distinct_parameters": 9000}
p=103 start exact parameter candidates=10609
p=103 rows=10/103 pairs=369 seconds=0.005
p=103 rows=20/103 pairs=637 seconds=0.011
p=103 rows=30/103 pairs=768 seconds=0.016
p=103 rows=40/103 pairs=782 seconds=0.022
p=103 rows=50/103 pairs=782 seconds=0.027
p=103 rows=60/103 pairs=782 seconds=0.033
p=103 rows=70/103 pairs=782 seconds=0.038
p=103 rows=80/103 pairs=782 seconds=0.044
p=103 rows=90/103 pairs=782 seconds=0.050
p=103 rows=100/103 pairs=782 seconds=0.055
p=103 rows=103/103 pairs=782 seconds=0.057
{"admissible_parameters": 9384, "collision_parameters": 1225, "congruent_parameters": 0, "fiber_histogram": {"12": 782}, "non12_fibers": 0, "p": 103, "pairs": 782, "parameters": 10609, "proposed_count_denominator": 12, "proposed_count_numerator": 9384, "seconds": 0.05888, "six_distinct_parameters": 9384}
p=107 start exact parameter candidates=11449
p=107 rows=10/107 pairs=387 seconds=0.006
p=107 rows=20/107 pairs=675 seconds=0.011
p=107 rows=30/107 pairs=824 seconds=0.017
p=107 rows=40/107 pairs=848 seconds=0.023
p=107 rows=50/107 pairs=848 seconds=0.028
p=107 rows=60/107 pairs=848 seconds=0.034
p=107 rows=70/107 pairs=848 seconds=0.040
p=107 rows=80/107 pairs=848 seconds=0.045
p=107 rows=90/107 pairs=848 seconds=0.051
p=107 rows=100/107 pairs=848 seconds=0.057
p=107 rows=107/107 pairs=848 seconds=0.061
{"admissible_parameters": 10176, "collision_parameters": 1273, "congruent_parameters": 0, "fiber_histogram": {"12": 848}, "non12_fibers": 0, "p": 107, "pairs": 848, "parameters": 11449, "proposed_count_denominator": 12, "proposed_count_numerator": 10176, "seconds": 0.0619, "six_distinct_parameters": 10176}
p=109 start exact parameter candidates=11881
p=109 rows=10/109 pairs=396 seconds=0.006
p=109 rows=20/109 pairs=694 seconds=0.012
p=109 rows=30/109 pairs=852 seconds=0.018
p=109 rows=40/109 pairs=882 seconds=0.024
p=109 rows=50/109 pairs=882 seconds=0.030
p=109 rows=60/109 pairs=882 seconds=0.036
p=109 rows=70/109 pairs=882 seconds=0.041
p=109 rows=80/109 pairs=882 seconds=0.047
p=109 rows=90/109 pairs=882 seconds=0.053
p=109 rows=100/109 pairs=882 seconds=0.059
p=109 rows=109/109 pairs=882 seconds=0.064
{"admissible_parameters": 10584, "collision_parameters": 1297, "congruent_parameters": 0, "fiber_histogram": {"12": 882}, "non12_fibers": 0, "p": 109, "pairs": 882, "parameters": 11881, "proposed_count_denominator": 12, "proposed_count_numerator": 10584, "seconds": 0.065536, "six_distinct_parameters": 10584}
p=113 start exact parameter candidates=12769
p=113 rows=11/113 pairs=453 seconds=0.007
p=113 rows=22/113 pairs=778 seconds=0.014
p=113 rows=33/113 pairs=936 seconds=0.020
p=113 rows=44/113 pairs=952 seconds=0.027
p=113 rows=55/113 pairs=952 seconds=0.034
p=113 rows=66/113 pairs=952 seconds=0.040
p=113 rows=77/113 pairs=952 seconds=0.047
p=113 rows=88/113 pairs=952 seconds=0.054
p=113 rows=99/113 pairs=952 seconds=0.060
p=113 rows=110/113 pairs=952 seconds=0.067
p=113 rows=113/113 pairs=952 seconds=0.069
{"admissible_parameters": 11424, "collision_parameters": 1345, "congruent_parameters": 0, "fiber_histogram": {"12": 952}, "non12_fibers": 0, "p": 113, "pairs": 952, "parameters": 12769, "proposed_count_denominator": 12, "proposed_count_numerator": 11424, "seconds": 0.071344, "six_distinct_parameters": 11424}
p=127 start exact parameter candidates=16129
p=127 rows=12/127 pairs=566 seconds=0.008
p=127 rows=24/127 pairs=978 seconds=0.016
p=127 rows=36/127 pairs=1188 seconds=0.024
p=127 rows=48/127 pairs=1218 seconds=0.033
p=127 rows=60/127 pairs=1218 seconds=0.041
p=127 rows=72/127 pairs=1218 seconds=0.049
p=127 rows=84/127 pairs=1218 seconds=0.057
p=127 rows=96/127 pairs=1218 seconds=0.066
p=127 rows=108/127 pairs=1218 seconds=0.074
p=127 rows=120/127 pairs=1218 seconds=0.082
p=127 rows=127/127 pairs=1218 seconds=0.087
{"admissible_parameters": 14616, "collision_parameters": 1513, "congruent_parameters": 0, "fiber_histogram": {"12": 1218}, "non12_fibers": 0, "p": 127, "pairs": 1218, "parameters": 16129, "proposed_count_denominator": 12, "proposed_count_numerator": 14616, "seconds": 0.088815, "six_distinct_parameters": 14616}
p=131 start exact parameter candidates=17161
p=131 rows=13/131 pairs=634 seconds=0.009
p=131 rows=26/131 pairs=1076 seconds=0.019
p=131 rows=39/131 pairs=1284 seconds=0.028
p=131 rows=52/131 pairs=1300 seconds=0.038
p=131 rows=65/131 pairs=1300 seconds=0.047
p=131 rows=78/131 pairs=1300 seconds=0.056
p=131 rows=91/131 pairs=1300 seconds=0.065
p=131 rows=104/131 pairs=1300 seconds=0.075
p=131 rows=117/131 pairs=1300 seconds=0.084
p=131 rows=130/131 pairs=1300 seconds=0.093
p=131 rows=131/131 pairs=1300 seconds=0.094
{"admissible_parameters": 15600, "collision_parameters": 1561, "congruent_parameters": 0, "fiber_histogram": {"12": 1300}, "non12_fibers": 0, "p": 131, "pairs": 1300, "parameters": 17161, "proposed_count_denominator": 12, "proposed_count_numerator": 15600, "seconds": 0.09784, "six_distinct_parameters": 15600}
p=137 start exact parameter candidates=18769
p=137 rows=13/137 pairs=670 seconds=0.010
p=137 rows=26/137 pairs=1151 seconds=0.019
p=137 rows=39/137 pairs=1395 seconds=0.029
p=137 rows=52/137 pairs=1428 seconds=0.039
p=137 rows=65/137 pairs=1428 seconds=0.048
p=137 rows=78/137 pairs=1428 seconds=0.058
p=137 rows=91/137 pairs=1428 seconds=0.067
p=137 rows=104/137 pairs=1428 seconds=0.077
p=137 rows=117/137 pairs=1428 seconds=0.086
p=137 rows=130/137 pairs=1428 seconds=0.096
p=137 rows=137/137 pairs=1428 seconds=0.101
{"admissible_parameters": 17136, "collision_parameters": 1633, "congruent_parameters": 0, "fiber_histogram": {"12": 1428}, "non12_fibers": 0, "p": 137, "pairs": 1428, "parameters": 18769, "proposed_count_denominator": 12, "proposed_count_numerator": 17136, "seconds": 0.10341, "six_distinct_parameters": 17136}
p=139 start exact parameter candidates=19321
p=139 rows=13/139 pairs=682 seconds=0.010
p=139 rows=26/139 pairs=1176 seconds=0.020
p=139 rows=39/139 pairs=1432 seconds=0.030
p=139 rows=52/139 pairs=1472 seconds=0.040
p=139 rows=65/139 pairs=1472 seconds=0.050
p=139 rows=78/139 pairs=1472 seconds=0.060
p=139 rows=91/139 pairs=1472 seconds=0.070
p=139 rows=104/139 pairs=1472 seconds=0.079
p=139 rows=117/139 pairs=1472 seconds=0.089
p=139 rows=130/139 pairs=1472 seconds=0.099
p=139 rows=139/139 pairs=1472 seconds=0.106
{"admissible_parameters": 17664, "collision_parameters": 1657, "congruent_parameters": 0, "fiber_histogram": {"12": 1472}, "non12_fibers": 0, "p": 139, "pairs": 1472, "parameters": 19321, "proposed_count_denominator": 12, "proposed_count_numerator": 17664, "seconds": 0.109502, "six_distinct_parameters": 17664}
p=149 start exact parameter candidates=22201
p=149 rows=14/149 pairs=793 seconds=0.012
p=149 rows=28/149 pairs=1365 seconds=0.023
p=149 rows=42/149 pairs=1658 seconds=0.035
p=149 rows=56/149 pairs=1702 seconds=0.046
p=149 rows=70/149 pairs=1702 seconds=0.057
p=149 rows=84/149 pairs=1702 seconds=0.068
p=149 rows=98/149 pairs=1702 seconds=0.080
p=149 rows=112/149 pairs=1702 seconds=0.091
p=149 rows=126/149 pairs=1702 seconds=0.102
p=149 rows=140/149 pairs=1702 seconds=0.113
p=149 rows=149/149 pairs=1702 seconds=0.120
{"admissible_parameters": 20424, "collision_parameters": 1777, "congruent_parameters": 0, "fiber_histogram": {"12": 1702}, "non12_fibers": 0, "p": 149, "pairs": 1702, "parameters": 22201, "proposed_count_denominator": 12, "proposed_count_numerator": 20424, "seconds": 0.122341, "six_distinct_parameters": 20424}
p=151 start exact parameter candidates=22801
p=151 rows=15/151 pairs=858 seconds=0.012
p=151 rows=30/151 pairs=1451 seconds=0.024
p=151 rows=45/151 pairs=1729 seconds=0.036
p=151 rows=60/151 pairs=1750 seconds=0.048
p=151 rows=75/151 pairs=1750 seconds=0.060
p=151 rows=90/151 pairs=1750 seconds=0.072
p=151 rows=105/151 pairs=1750 seconds=0.084
p=151 rows=120/151 pairs=1750 seconds=0.098
p=151 rows=135/151 pairs=1750 seconds=0.110
p=151 rows=150/151 pairs=1750 seconds=0.122
p=151 rows=151/151 pairs=1750 seconds=0.123
{"admissible_parameters": 21000, "collision_parameters": 1801, "congruent_parameters": 0, "fiber_histogram": {"12": 1750}, "non12_fibers": 0, "p": 151, "pairs": 1750, "parameters": 22801, "proposed_count_denominator": 12, "proposed_count_numerator": 21000, "seconds": 0.125325, "six_distinct_parameters": 21000}
p=157 start exact parameter candidates=24649
p=157 rows=15/157 pairs=900 seconds=0.013
p=157 rows=30/157 pairs=1538 seconds=0.025
p=157 rows=45/157 pairs=1858 seconds=0.038
p=157 rows=60/157 pairs=1898 seconds=0.051
p=157 rows=75/157 pairs=1898 seconds=0.064
p=157 rows=90/157 pairs=1898 seconds=0.077
p=157 rows=105/157 pairs=1898 seconds=0.090
p=157 rows=120/157 pairs=1898 seconds=0.102
p=157 rows=135/157 pairs=1898 seconds=0.115
p=157 rows=150/157 pairs=1898 seconds=0.127
p=157 rows=157/157 pairs=1898 seconds=0.133
{"admissible_parameters": 22776, "collision_parameters": 1873, "congruent_parameters": 0, "fiber_histogram": {"12": 1898}, "non12_fibers": 0, "p": 157, "pairs": 1898, "parameters": 24649, "proposed_count_denominator": 12, "proposed_count_numerator": 22776, "seconds": 0.138145, "six_distinct_parameters": 22776}
p=163 start exact parameter candidates=26569
p=163 rows=16/163 pairs=998 seconds=0.014
p=163 rows=32/163 pairs=1691 seconds=0.028
p=163 rows=48/163 pairs=2022 seconds=0.043
p=163 rows=64/163 pairs=2052 seconds=0.057
p=163 rows=80/163 pairs=2052 seconds=0.071
p=163 rows=96/163 pairs=2052 seconds=0.086
p=163 rows=112/163 pairs=2052 seconds=0.100
p=163 rows=128/163 pairs=2052 seconds=0.114
p=163 rows=144/163 pairs=2052 seconds=0.129
p=163 rows=160/163 pairs=2052 seconds=0.144
p=163 rows=163/163 pairs=2052 seconds=0.146
{"admissible_parameters": 24624, "collision_parameters": 1945, "congruent_parameters": 0, "fiber_histogram": {"12": 2052}, "non12_fibers": 0, "p": 163, "pairs": 2052, "parameters": 26569, "proposed_count_denominator": 12, "proposed_count_numerator": 24624, "seconds": 0.149101, "six_distinct_parameters": 24624}
p=167 start exact parameter candidates=27889
p=167 rows=16/167 pairs=1028 seconds=0.015
p=167 rows=32/167 pairs=1753 seconds=0.030
p=167 rows=48/167 pairs=2114 seconds=0.045
p=167 rows=64/167 pairs=2158 seconds=0.059
p=167 rows=80/167 pairs=2158 seconds=0.076
p=167 rows=96/167 pairs=2158 seconds=0.091
p=167 rows=112/167 pairs=2158 seconds=0.106
p=167 rows=128/167 pairs=2158 seconds=0.121
p=167 rows=144/167 pairs=2158 seconds=0.135
p=167 rows=160/167 pairs=2158 seconds=0.150
p=167 rows=167/167 pairs=2158 seconds=0.157
{"admissible_parameters": 25896, "collision_parameters": 1993, "congruent_parameters": 0, "fiber_histogram": {"12": 2158}, "non12_fibers": 0, "p": 167, "pairs": 2158, "parameters": 27889, "proposed_count_denominator": 12, "proposed_count_numerator": 25896, "seconds": 0.159779, "six_distinct_parameters": 25896}
p=173 start exact parameter candidates=29929
p=173 rows=17/173 pairs=1133 seconds=0.016
p=173 rows=34/173 pairs=1916 seconds=0.033
p=173 rows=51/173 pairs=2289 seconds=0.049
p=173 rows=68/173 pairs=2322 seconds=0.065
p=173 rows=85/173 pairs=2322 seconds=0.081
p=173 rows=102/173 pairs=2322 seconds=0.097
p=173 rows=119/173 pairs=2322 seconds=0.113
p=173 rows=136/173 pairs=2322 seconds=0.130
p=173 rows=153/173 pairs=2322 seconds=0.146
p=173 rows=170/173 pairs=2322 seconds=0.163
p=173 rows=173/173 pairs=2322 seconds=0.166
{"admissible_parameters": 27864, "collision_parameters": 2065, "congruent_parameters": 0, "fiber_histogram": {"12": 2322}, "non12_fibers": 0, "p": 173, "pairs": 2322, "parameters": 29929, "proposed_count_denominator": 12, "proposed_count_numerator": 27864, "seconds": 0.173242, "six_distinct_parameters": 27864}
p=179 start exact parameter candidates=32041
p=179 rows=17/179 pairs=1181 seconds=0.017
p=179 rows=34/179 pairs=2015 seconds=0.033
p=179 rows=51/179 pairs=2436 seconds=0.050
p=179 rows=68/179 pairs=2492 seconds=0.067
p=179 rows=85/179 pairs=2492 seconds=0.083
p=179 rows=102/179 pairs=2492 seconds=0.099
p=179 rows=119/179 pairs=2492 seconds=0.116
p=179 rows=136/179 pairs=2492 seconds=0.132
p=179 rows=153/179 pairs=2492 seconds=0.149
p=179 rows=170/179 pairs=2492 seconds=0.165
p=179 rows=179/179 pairs=2492 seconds=0.174
{"admissible_parameters": 29904, "collision_parameters": 2137, "congruent_parameters": 0, "fiber_histogram": {"12": 2492}, "non12_fibers": 0, "p": 179, "pairs": 2492, "parameters": 32041, "proposed_count_denominator": 12, "proposed_count_numerator": 29904, "seconds": 0.180016, "six_distinct_parameters": 29904}
p=181 start exact parameter candidates=32761
p=181 rows=18/181 pairs=1258 seconds=0.018
p=181 rows=36/181 pairs=2119 seconds=0.035
p=181 rows=54/181 pairs=2520 seconds=0.053
p=181 rows=72/181 pairs=2550 seconds=0.071
p=181 rows=90/181 pairs=2550 seconds=0.089
p=181 rows=108/181 pairs=2550 seconds=0.106
p=181 rows=126/181 pairs=2550 seconds=0.124
p=181 rows=144/181 pairs=2550 seconds=0.142
p=181 rows=162/181 pairs=2550 seconds=0.160
p=181 rows=180/181 pairs=2550 seconds=0.177
p=181 rows=181/181 pairs=2550 seconds=0.178
{"admissible_parameters": 30600, "collision_parameters": 2161, "congruent_parameters": 0, "fiber_histogram": {"12": 2550}, "non12_fibers": 0, "p": 181, "pairs": 2550, "parameters": 32761, "proposed_count_denominator": 12, "proposed_count_numerator": 30600, "seconds": 0.184657, "six_distinct_parameters": 30600}
p=191 start exact parameter candidates=36481
p=191 rows=19/191 pairs=1410 seconds=0.020
p=191 rows=38/191 pairs=2370 seconds=0.039
p=191 rows=57/191 pairs=2817 seconds=0.059
p=191 rows=76/191 pairs=2850 seconds=0.079
p=191 rows=95/191 pairs=2850 seconds=0.099
p=191 rows=114/191 pairs=2850 seconds=0.118
p=191 rows=133/191 pairs=2850 seconds=0.138
p=191 rows=152/191 pairs=2850 seconds=0.158
p=191 rows=171/191 pairs=2850 seconds=0.178
p=191 rows=190/191 pairs=2850 seconds=0.197
p=191 rows=191/191 pairs=2850 seconds=0.198
{"admissible_parameters": 34200, "collision_parameters": 2281, "congruent_parameters": 0, "fiber_histogram": {"12": 2850}, "non12_fibers": 0, "p": 191, "pairs": 2850, "parameters": 36481, "proposed_count_denominator": 12, "proposed_count_numerator": 34200, "seconds": 0.205174, "six_distinct_parameters": 34200}
p=193 start exact parameter candidates=37249
p=193 rows=19/193 pairs=1428 seconds=0.020
p=193 rows=38/193 pairs=2407 seconds=0.040
p=193 rows=57/193 pairs=2872 seconds=0.060
p=193 rows=76/193 pairs=2912 seconds=0.081
p=193 rows=95/193 pairs=2912 seconds=0.101
p=193 rows=114/193 pairs=2912 seconds=0.121
p=193 rows=133/193 pairs=2912 seconds=0.141
p=193 rows=152/193 pairs=2912 seconds=0.161
p=193 rows=171/193 pairs=2912 seconds=0.181
p=193 rows=190/193 pairs=2912 seconds=0.201
p=193 rows=193/193 pairs=2912 seconds=0.204
{"admissible_parameters": 34944, "collision_parameters": 2305, "congruent_parameters": 0, "fiber_histogram": {"12": 2912}, "non12_fibers": 0, "p": 193, "pairs": 2912, "parameters": 37249, "proposed_count_denominator": 12, "proposed_count_numerator": 34944, "seconds": 0.21154, "six_distinct_parameters": 34944}
p=197 start exact parameter candidates=38809
p=197 rows=19/197 pairs=1464 seconds=0.020
p=197 rows=38/197 pairs=2481 seconds=0.041
p=197 rows=57/197 pairs=2982 seconds=0.062
p=197 rows=76/197 pairs=3038 seconds=0.082
p=197 rows=95/197 pairs=3038 seconds=0.103
p=197 rows=114/197 pairs=3038 seconds=0.123
p=197 rows=133/197 pairs=3038 seconds=0.143
p=197 rows=152/197 pairs=3038 seconds=0.164
p=197 rows=171/197 pairs=3038 seconds=0.185
p=197 rows=190/197 pairs=3038 seconds=0.205
p=197 rows=197/197 pairs=3038 seconds=0.213
{"admissible_parameters": 36456, "collision_parameters": 2353, "congruent_parameters": 0, "fiber_histogram": {"12": 3038}, "non12_fibers": 0, "p": 197, "pairs": 3038, "parameters": 38809, "proposed_count_denominator": 12, "proposed_count_numerator": 36456, "seconds": 0.220348, "six_distinct_parameters": 36456}
p=199 start exact parameter candidates=39601
p=199 rows=19/199 pairs=1482 seconds=0.021
p=199 rows=38/199 pairs=2518 seconds=0.043
p=199 rows=57/199 pairs=3037 seconds=0.065
p=199 rows=76/199 pairs=3102 seconds=0.086
p=199 rows=95/199 pairs=3102 seconds=0.108
p=199 rows=114/199 pairs=3102 seconds=0.128
p=199 rows=133/199 pairs=3102 seconds=0.149
p=199 rows=152/199 pairs=3102 seconds=0.171
p=199 rows=171/199 pairs=3102 seconds=0.191
p=199 rows=190/199 pairs=3102 seconds=0.212
p=199 rows=199/199 pairs=3102 seconds=0.222
{"admissible_parameters": 37224, "collision_parameters": 2377, "congruent_parameters": 0, "fiber_histogram": {"12": 3102}, "non12_fibers": 0, "p": 199, "pairs": 3102, "parameters": 39601, "proposed_count_denominator": 12, "proposed_count_numerator": 37224, "seconds": 0.229071, "six_distinct_parameters": 37224}
p=211 start exact parameter candidates=44521
p=211 rows=21/211 pairs=1736 seconds=0.025
p=211 rows=42/211 pairs=2913 seconds=0.048
p=211 rows=63/211 pairs=3460 seconds=0.073
p=211 rows=84/211 pairs=3500 seconds=0.097
p=211 rows=105/211 pairs=3500 seconds=0.121
p=211 rows=126/211 pairs=3500 seconds=0.145
p=211 rows=147/211 pairs=3500 seconds=0.169
p=211 rows=168/211 pairs=3500 seconds=0.193
p=211 rows=189/211 pairs=3500 seconds=0.218
p=211 rows=210/211 pairs=3500 seconds=0.245
p=211 rows=211/211 pairs=3500 seconds=0.246
{"admissible_parameters": 42000, "collision_parameters": 2521, "congruent_parameters": 0, "fiber_histogram": {"12": 3500}, "non12_fibers": 0, "p": 211, "pairs": 3500, "parameters": 44521, "proposed_count_denominator": 12, "proposed_count_numerator": 42000, "seconds": 0.250664, "six_distinct_parameters": 42000}
p=223 start exact parameter candidates=49729
p=223 rows=22/223 pairs=1933 seconds=0.027
p=223 rows=44/223 pairs=3249 seconds=0.054
p=223 rows=66/223 pairs=3870 seconds=0.082
p=223 rows=88/223 pairs=3922 seconds=0.112
p=223 rows=110/223 pairs=3922 seconds=0.139
p=223 rows=132/223 pairs=3922 seconds=0.166
p=223 rows=154/223 pairs=3922 seconds=0.193
p=223 rows=176/223 pairs=3922 seconds=0.220
p=223 rows=198/223 pairs=3922 seconds=0.247
p=223 rows=220/223 pairs=3922 seconds=0.274
p=223 rows=223/223 pairs=3922 seconds=0.277
{"admissible_parameters": 47064, "collision_parameters": 2665, "congruent_parameters": 0, "fiber_histogram": {"12": 3922}, "non12_fibers": 0, "p": 223, "pairs": 3922, "parameters": 49729, "proposed_count_denominator": 12, "proposed_count_numerator": 47064, "seconds": 0.287417, "six_distinct_parameters": 47064}
p=227 start exact parameter candidates=51529
p=227 rows=22/227 pairs=1975 seconds=0.029
p=227 rows=44/227 pairs=3335 seconds=0.057
p=227 rows=66/227 pairs=3998 seconds=0.085
p=227 rows=88/227 pairs=4068 seconds=0.113
p=227 rows=110/227 pairs=4068 seconds=0.142
p=227 rows=132/227 pairs=4068 seconds=0.169
p=227 rows=154/227 pairs=4068 seconds=0.198
p=227 rows=176/227 pairs=4068 seconds=0.226
p=227 rows=198/227 pairs=4068 seconds=0.255
p=227 rows=220/227 pairs=4068 seconds=0.283
p=227 rows=227/227 pairs=4068 seconds=0.292
{"admissible_parameters": 48816, "collision_parameters": 2713, "congruent_parameters": 0, "fiber_histogram": {"12": 4068}, "non12_fibers": 0, "p": 227, "pairs": 4068, "parameters": 51529, "proposed_count_denominator": 12, "proposed_count_numerator": 48816, "seconds": 0.301895, "six_distinct_parameters": 48816}
p=229 start exact parameter candidates=52441
p=229 rows=22/229 pairs=1996 seconds=0.028
p=229 rows=44/229 pairs=3378 seconds=0.057
p=229 rows=66/229 pairs=4062 seconds=0.086
p=229 rows=88/229 pairs=4142 seconds=0.114
p=229 rows=110/229 pairs=4142 seconds=0.146
p=229 rows=132/229 pairs=4142 seconds=0.174
p=229 rows=154/229 pairs=4142 seconds=0.202
p=229 rows=176/229 pairs=4142 seconds=0.230
p=229 rows=198/229 pairs=4142 seconds=0.258
p=229 rows=220/229 pairs=4142 seconds=0.287
p=229 rows=229/229 pairs=4142 seconds=0.298
{"admissible_parameters": 49704, "collision_parameters": 2737, "congruent_parameters": 0, "fiber_histogram": {"12": 4142}, "non12_fibers": 0, "p": 229, "pairs": 4142, "parameters": 52441, "proposed_count_denominator": 12, "proposed_count_numerator": 49704, "seconds": 0.310134, "six_distinct_parameters": 49704}
p=233 start exact parameter candidates=54289
p=233 rows=23/233 pairs=2119 seconds=0.030
p=233 rows=46/233 pairs=3558 seconds=0.061
p=233 rows=69/233 pairs=4236 seconds=0.091
p=233 rows=92/233 pairs=4292 seconds=0.120
p=233 rows=115/233 pairs=4292 seconds=0.150
p=233 rows=138/233 pairs=4292 seconds=0.180
p=233 rows=161/233 pairs=4292 seconds=0.210
p=233 rows=184/233 pairs=4292 seconds=0.240
p=233 rows=207/233 pairs=4292 seconds=0.271
p=233 rows=230/233 pairs=4292 seconds=0.301
p=233 rows=233/233 pairs=4292 seconds=0.305
{"admissible_parameters": 51504, "collision_parameters": 2785, "congruent_parameters": 0, "fiber_histogram": {"12": 4292}, "non12_fibers": 0, "p": 233, "pairs": 4292, "parameters": 54289, "proposed_count_denominator": 12, "proposed_count_numerator": 51504, "seconds": 0.31504, "six_distinct_parameters": 51504}
p=239 start exact parameter candidates=57121
p=239 rows=23/239 pairs=2185 seconds=0.031
p=239 rows=46/239 pairs=3693 seconds=0.060
p=239 rows=69/239 pairs=4437 seconds=0.091
p=239 rows=92/239 pairs=4522 seconds=0.121
p=239 rows=115/239 pairs=4522 seconds=0.151
p=239 rows=138/239 pairs=4522 seconds=0.186
p=239 rows=161/239 pairs=4522 seconds=0.217
p=239 rows=184/239 pairs=4522 seconds=0.248
p=239 rows=207/239 pairs=4522 seconds=0.278
p=239 rows=230/239 pairs=4522 seconds=0.308
p=239 rows=239/239 pairs=4522 seconds=0.320
{"admissible_parameters": 54264, "collision_parameters": 2857, "congruent_parameters": 0, "fiber_histogram": {"12": 4522}, "non12_fibers": 0, "p": 239, "pairs": 4522, "parameters": 57121, "proposed_count_denominator": 12, "proposed_count_numerator": 54264, "seconds": 0.333399, "six_distinct_parameters": 54264}
p=241 start exact parameter candidates=58081
p=241 rows=24/241 pairs=2289 seconds=0.032
p=241 rows=48/241 pairs=3833 seconds=0.064
p=241 rows=72/241 pairs=4548 seconds=0.096
p=241 rows=96/241 pairs=4600 seconds=0.128
p=241 rows=120/241 pairs=4600 seconds=0.161
p=241 rows=144/241 pairs=4600 seconds=0.193
p=241 rows=168/241 pairs=4600 seconds=0.225
p=241 rows=192/241 pairs=4600 seconds=0.257
p=241 rows=216/241 pairs=4600 seconds=0.289
p=241 rows=240/241 pairs=4600 seconds=0.321
p=241 rows=241/241 pairs=4600 seconds=0.322
{"admissible_parameters": 55200, "collision_parameters": 2881, "congruent_parameters": 0, "fiber_histogram": {"12": 4600}, "non12_fibers": 0, "p": 241, "pairs": 4600, "parameters": 58081, "proposed_count_denominator": 12, "proposed_count_numerator": 55200, "seconds": 0.333856, "six_distinct_parameters": 55200}
p=251 start exact parameter candidates=63001
p=251 rows=25/251 pairs=2492 seconds=0.034
p=251 rows=50/251 pairs=4168 seconds=0.069
p=251 rows=75/251 pairs=4944 seconds=0.107
p=251 rows=100/251 pairs=5000 seconds=0.141
p=251 rows=125/251 pairs=5000 seconds=0.176
p=251 rows=150/251 pairs=5000 seconds=0.210
p=251 rows=175/251 pairs=5000 seconds=0.245
p=251 rows=200/251 pairs=5000 seconds=0.280
p=251 rows=225/251 pairs=5000 seconds=0.314
p=251 rows=250/251 pairs=5000 seconds=0.349
p=251 rows=251/251 pairs=5000 seconds=0.350
{"admissible_parameters": 60000, "collision_parameters": 3001, "congruent_parameters": 0, "fiber_histogram": {"12": 5000}, "non12_fibers": 0, "p": 251, "pairs": 5000, "parameters": 63001, "proposed_count_denominator": 12, "proposed_count_numerator": 60000, "seconds": 0.364318, "six_distinct_parameters": 60000}
p=1009 start exact parameter candidates=1018081
p=1009 rows=100/1009 pairs=42231 seconds=0.638
p=1009 rows=200/1009 pairs=69964 seconds=1.338
p=1009 rows=300/1009 pairs=82842 seconds=1.997
p=1009 rows=400/1009 pairs=83832 seconds=2.637
p=1009 rows=500/1009 pairs=83832 seconds=3.279
p=1009 rows=600/1009 pairs=83832 seconds=3.905
p=1009 rows=700/1009 pairs=83832 seconds=4.539
p=1009 rows=800/1009 pairs=83832 seconds=5.169
p=1009 rows=900/1009 pairs=83832 seconds=5.790
p=1009 rows=1000/1009 pairs=83832 seconds=6.407
p=1009 rows=1009/1009 pairs=83832 seconds=6.462
{"admissible_parameters": 1005984, "collision_parameters": 12097, "congruent_parameters": 0, "fiber_histogram": {"12": 83832}, "non12_fibers": 0, "p": 1009, "pairs": 83832, "parameters": 1018081, "proposed_count_denominator": 12, "proposed_count_numerator": 1005984, "seconds": 7.114707, "six_distinct_parameters": 1005984}
